Component: ARM Compiler 6.16 Tool: armlink [5dfeaa00]

==============================================================================

Section Cross References

    serial.o(.ARM.exidx.text.SetupSerial) refers to serial.o(.text.SetupSerial) for [Anonymous Symbol]
    serial.o(.ARM.exidx.text.SerialWrite) refers to serial.o(.text.SerialWrite) for [Anonymous Symbol]
    serial.o(.text.SerialWriteLine) refers to serial.o(.text.SerialWrite) for SerialWrite
    serial.o(.ARM.exidx.text.SerialWriteLine) refers to serial.o(.text.SerialWriteLine) for [Anonymous Symbol]
    serial.o(.text.SerialWriteInt) refers to serial.o(.text.SerialWriteLine) for SerialWriteLine
    serial.o(.ARM.exidx.text.SerialWriteInt) refers to serial.o(.text.SerialWriteInt) for [Anonymous Symbol]
    timer.o(.ARM.exidx.text.SystickInit) refers to timer.o(.text.SystickInit) for [Anonymous Symbol]
    timer.o(.ARM.exidx.text.SysTick_Wait) refers to timer.o(.text.SysTick_Wait) for [Anonymous Symbol]
    timer.o(.text.SysTick_Wait10ms) refers to timer.o(.text.SysTick_Wait) for SysTick_Wait
    timer.o(.ARM.exidx.text.SysTick_Wait10ms) refers to timer.o(.text.SysTick_Wait10ms) for [Anonymous Symbol]
    timer.o(.text.SysTick_Wait1ms) refers to timer.o(.text.SysTick_Wait) for SysTick_Wait
    timer.o(.ARM.exidx.text.SysTick_Wait1ms) refers to timer.o(.text.SysTick_Wait1ms) for [Anonymous Symbol]
    timer.o(.text.SysTick_Wait100microsec) refers to timer.o(.text.SysTick_Wait) for SysTick_Wait
    timer.o(.ARM.exidx.text.SysTick_Wait100microsec) refers to timer.o(.text.SysTick_Wait100microsec) for [Anonymous Symbol]
    timer.o(.text.SysTick_Wait10microsec) refers to timer.o(.text.SysTick_Wait) for SysTick_Wait
    timer.o(.ARM.exidx.text.SysTick_Wait10microsec) refers to timer.o(.text.SysTick_Wait10microsec) for [Anonymous Symbol]
    timer.o(.text.SysTick_Wait1microsec) refers to timer.o(.text.SysTick_Wait) for SysTick_Wait
    timer.o(.ARM.exidx.text.SysTick_Wait1microsec) refers to timer.o(.text.SysTick_Wait1microsec) for [Anonymous Symbol]
    main.o(.ARM.exidx.text.PLLInit) refers to main.o(.text.PLLInit) for [Anonymous Symbol]
    main.o(.ARM.exidx.text.portBSetup) refers to main.o(.text.portBSetup) for [Anonymous Symbol]
    main.o(.text.OS_SetupTimerInterrupt) refers to main.o(.rodata.str1.1) for .L.str
    main.o(.text.OS_SetupTimerInterrupt) refers to serial.o(.text.SerialWrite) for SerialWrite
    main.o(.ARM.exidx.text.OS_SetupTimerInterrupt) refers to main.o(.text.OS_SetupTimerInterrupt) for [Anonymous Symbol]
    main.o(.text.SEMAPHORES_Thread1) refers to main.o(.bss.globalMutex) for globalMutex
    main.o(.text.SEMAPHORES_Thread1) refers to mutex.o(.text.acquire_mutex) for acquire_mutex
    main.o(.text.SEMAPHORES_Thread1) refers to main.o(.rodata.str1.1) for .L.str.1
    main.o(.text.SEMAPHORES_Thread1) refers to serial.o(.text.SerialWrite) for SerialWrite
    main.o(.text.SEMAPHORES_Thread1) refers to mutex.o(.text.release_mutex) for release_mutex
    main.o(.ARM.exidx.text.SEMAPHORES_Thread1) refers to main.o(.text.SEMAPHORES_Thread1) for [Anonymous Symbol]
    main.o(.text.SEMAPHORES_Thread2) refers to main.o(.bss.globalMutex) for globalMutex
    main.o(.text.SEMAPHORES_Thread2) refers to mutex.o(.text.acquire_mutex) for acquire_mutex
    main.o(.text.SEMAPHORES_Thread2) refers to main.o(.rodata.str1.1) for .L.str.2
    main.o(.text.SEMAPHORES_Thread2) refers to serial.o(.text.SerialWrite) for SerialWrite
    main.o(.text.SEMAPHORES_Thread2) refers to mutex.o(.text.release_mutex) for release_mutex
    main.o(.ARM.exidx.text.SEMAPHORES_Thread2) refers to main.o(.text.SEMAPHORES_Thread2) for [Anonymous Symbol]
    main.o(.text.SEMAPHORES_Thread3) refers to main.o(.bss.globalMutex) for globalMutex
    main.o(.text.SEMAPHORES_Thread3) refers to mutex.o(.text.acquire_mutex) for acquire_mutex
    main.o(.text.SEMAPHORES_Thread3) refers to main.o(.rodata.str1.1) for .L.str.3
    main.o(.text.SEMAPHORES_Thread3) refers to serial.o(.text.SerialWrite) for SerialWrite
    main.o(.text.SEMAPHORES_Thread3) refers to mutex.o(.text.release_mutex) for release_mutex
    main.o(.ARM.exidx.text.SEMAPHORES_Thread3) refers to main.o(.text.SEMAPHORES_Thread3) for [Anonymous Symbol]
    main.o(.text.SEMAPHORES_Thread4) refers to main.o(.bss.globalMutex) for globalMutex
    main.o(.text.SEMAPHORES_Thread4) refers to mutex.o(.text.acquire_mutex) for acquire_mutex
    main.o(.text.SEMAPHORES_Thread4) refers to main.o(.rodata.str1.1) for .L.str.2
    main.o(.text.SEMAPHORES_Thread4) refers to serial.o(.text.SerialWrite) for SerialWrite
    main.o(.text.SEMAPHORES_Thread4) refers to mutex.o(.text.release_mutex) for release_mutex
    main.o(.ARM.exidx.text.SEMAPHORES_Thread4) refers to main.o(.text.SEMAPHORES_Thread4) for [Anonymous Symbol]
    main.o(.text.initReadyLists) refers to main.o(.bss.readyLists) for readyLists
    main.o(.ARM.exidx.text.initReadyLists) refers to main.o(.text.initReadyLists) for [Anonymous Symbol]
    main.o(.text.OS_spawnThread) refers to staticmalloc.o(.text.Malloc) for Malloc
    main.o(.text.OS_spawnThread) refers to main.o(.bss.readyLists) for readyLists
    main.o(.text.OS_spawnThread) refers to lists.o(.text.create_circular_list) for create_circular_list
    main.o(.text.OS_spawnThread) refers to lists.o(.text.add_as_next) for add_as_next
    main.o(.text.OS_spawnThread) refers to main.o(.bss.pxNextTCB) for pxNextTCB
    main.o(.ARM.exidx.text.OS_spawnThread) refers to main.o(.text.OS_spawnThread) for [Anonymous Symbol]
    main.o(.text.OS_startScheduler) refers to main.o(.bss.schedulerStarted) for schedulerStarted
    main.o(.ARM.exidx.text.OS_startScheduler) refers to main.o(.text.OS_startScheduler) for [Anonymous Symbol]
    main.o(.text.main) refers to serial.o(.text.SetupSerial) for SetupSerial
    main.o(.text.main) refers to main.o(.rodata.str1.1) for .L.str.4
    main.o(.text.main) refers to serial.o(.text.SerialWrite) for SerialWrite
    main.o(.text.main) refers to main.o(.text.PLLInit) for PLLInit
    main.o(.text.main) refers to main.o(.text.portBSetup) for portBSetup
    main.o(.text.main) refers to main.o(.text.OS_SetupTimerInterrupt) for OS_SetupTimerInterrupt
    main.o(.text.main) refers to main.o(.bss.sparemem) for sparemem
    main.o(.text.main) refers to staticmalloc.o(.text.initMalloc) for initMalloc
    main.o(.text.main) refers to main.o(.text.initReadyLists) for initReadyLists
    main.o(.text.main) refers to mutex.o(.text.create_mutex) for create_mutex
    main.o(.text.main) refers to main.o(.bss.globalMutex) for globalMutex
    main.o(.text.main) refers to main.o(.text.__set_BASEPRI) for __set_BASEPRI
    main.o(.text.main) refers to main.o(.text.SEMAPHORES_Thread1) for SEMAPHORES_Thread1
    main.o(.text.main) refers to main.o(.text.OS_spawnThread) for OS_spawnThread
    main.o(.text.main) refers to main.o(.text.SEMAPHORES_Thread2) for SEMAPHORES_Thread2
    main.o(.text.main) refers to main.o(.text.SEMAPHORES_Thread3) for SEMAPHORES_Thread3
    main.o(.text.main) refers to main.o(.text.SEMAPHORES_Thread4) for SEMAPHORES_Thread4
    main.o(.text.main) refers to main.o(.text.OS_startScheduler) for OS_startScheduler
    main.o(.ARM.exidx.text.main) refers to main.o(.text.main) for [Anonymous Symbol]
    main.o(.ARM.exidx.text.__set_BASEPRI) refers to main.o(.text.__set_BASEPRI) for [Anonymous Symbol]
    main.o(.ARM.exidx.text.SysTick_Handler) refers to main.o(.text.SysTick_Handler) for [Anonymous Symbol]
    main.o(.text.OS_switchToNextTask) refers to main.o(.bss.readyLists) for readyLists
    main.o(.text.OS_switchToNextTask) refers to main.o(.bss.pxNextTCB) for pxNextTCB
    main.o(.text.OS_switchToNextTask) refers to main.o(.bss.pxCurrentTCB) for pxCurrentTCB
    main.o(.ARM.exidx.text.OS_switchToNextTask) refers to main.o(.text.OS_switchToNextTask) for [Anonymous Symbol]
    main.o(.text.PendSV_Handler) refers to main.o(.bss.schedulerStarted) for schedulerStarted
    main.o(.text.PendSV_Handler) refers to main.o(.bss.pxCurrentTCB) for pxCurrentTCB
    main.o(.text.PendSV_Handler) refers to main.o(.bss.pxNextTCB) for pxNextTCB
    main.o(.text.PendSV_Handler) refers to main.o(.bss.nextSP) for nextSP
    main.o(.text.PendSV_Handler) refers to main.o(.text.OS_switchToNextTask) for OS_switchToNextTask
    main.o(.text.PendSV_Handler) refers to main.o(.bss.currentSP) for currentSP
    main.o(.ARM.exidx.text.PendSV_Handler) refers to main.o(.text.PendSV_Handler) for [Anonymous Symbol]
    staticmalloc.o(.text.initMalloc) refers to staticmalloc.o(.bss.mallocArrayStart) for mallocArrayStart
    staticmalloc.o(.text.initMalloc) refers to staticmalloc.o(.bss.memPointer) for memPointer
    staticmalloc.o(.text.initMalloc) refers to staticmalloc.o(.bss.heapSize) for heapSize
    staticmalloc.o(.text.initMalloc) refers to staticmalloc.o(.bss.freeList) for freeList
    staticmalloc.o(.ARM.exidx.text.initMalloc) refers to staticmalloc.o(.text.initMalloc) for [Anonymous Symbol]
    staticmalloc.o(.text.Malloc) refers to staticmalloc.o(.bss.freeList) for freeList
    staticmalloc.o(.text.Malloc) refers to staticmalloc.o(.text.getSize) for getSize
    staticmalloc.o(.text.Malloc) refers to staticmalloc.o(.text.removeFromFreeList) for removeFromFreeList
    staticmalloc.o(.text.Malloc) refers to staticmalloc.o(.bss.memPointer) for memPointer
    staticmalloc.o(.text.Malloc) refers to staticmalloc.o(.bss.mallocArrayStart) for mallocArrayStart
    staticmalloc.o(.text.Malloc) refers to staticmalloc.o(.bss.heapSize) for heapSize
    staticmalloc.o(.ARM.exidx.text.Malloc) refers to staticmalloc.o(.text.Malloc) for [Anonymous Symbol]
    staticmalloc.o(.ARM.exidx.text.getSize) refers to staticmalloc.o(.text.getSize) for [Anonymous Symbol]
    staticmalloc.o(.text.removeFromFreeList) refers to staticmalloc.o(.bss.freeList) for freeList
    staticmalloc.o(.ARM.exidx.text.removeFromFreeList) refers to staticmalloc.o(.text.removeFromFreeList) for [Anonymous Symbol]
    staticmalloc.o(.text.Free) refers to staticmalloc.o(.bss.freeList) for freeList
    staticmalloc.o(.ARM.exidx.text.Free) refers to staticmalloc.o(.text.Free) for [Anonymous Symbol]
    lists.o(.text.create_list) refers to staticmalloc.o(.text.Malloc) for Malloc
    lists.o(.ARM.exidx.text.create_list) refers to lists.o(.text.create_list) for [Anonymous Symbol]
    lists.o(.text.create_circular_list) refers to staticmalloc.o(.text.Malloc) for Malloc
    lists.o(.ARM.exidx.text.create_circular_list) refers to lists.o(.text.create_circular_list) for [Anonymous Symbol]
    lists.o(.text.add_as_next) refers to staticmalloc.o(.text.Malloc) for Malloc
    lists.o(.ARM.exidx.text.add_as_next) refers to lists.o(.text.add_as_next) for [Anonymous Symbol]
    lists.o(.text.add_to_front) refers to staticmalloc.o(.text.Malloc) for Malloc
    lists.o(.ARM.exidx.text.add_to_front) refers to lists.o(.text.add_to_front) for [Anonymous Symbol]
    lists.o(.text.add_to_back) refers to staticmalloc.o(.text.Malloc) for Malloc
    lists.o(.ARM.exidx.text.add_to_back) refers to lists.o(.text.add_to_back) for [Anonymous Symbol]
    lists.o(.text.delete_node) refers to staticmalloc.o(.text.Free) for Free
    lists.o(.ARM.exidx.text.delete_node) refers to lists.o(.text.delete_node) for [Anonymous Symbol]
    semaphore.o(.ARM.exidx.text.OS_WaitNaive) refers to semaphore.o(.text.OS_WaitNaive) for [Anonymous Symbol]
    semaphore.o(.ARM.exidx.text.OS_SignalNaive) refers to semaphore.o(.text.OS_SignalNaive) for [Anonymous Symbol]
    mutex.o(.text.create_mutex) refers to staticmalloc.o(.text.Malloc) for Malloc
    mutex.o(.text.create_mutex) refers to lists.o(.text.create_list) for create_list
    mutex.o(.ARM.exidx.text.create_mutex) refers to mutex.o(.text.create_mutex) for [Anonymous Symbol]
    mutex.o(.text.free_mutex) refers to lists.o(.text.delete_node) for delete_node
    mutex.o(.text.free_mutex) refers to staticmalloc.o(.text.Free) for Free
    mutex.o(.ARM.exidx.text.free_mutex) refers to mutex.o(.text.free_mutex) for [Anonymous Symbol]
    mutex.o(.text.acquire_mutex) refers to mutex.o(.text.queue_item) for queue_item
    mutex.o(.text.acquire_mutex) refers to mutex.o(.data.queue_mutex) for queue_mutex
    mutex.o(.text.acquire_mutex) refers to semaphore.o(.text.OS_WaitNaive) for OS_WaitNaive
    mutex.o(.text.acquire_mutex) refers to mutex.o(.text.add_by_priority) for add_by_priority
    mutex.o(.text.acquire_mutex) refers to semaphore.o(.text.OS_SignalNaive) for OS_SignalNaive
    mutex.o(.text.acquire_mutex) refers to lists.o(.text.delete_node) for delete_node
    mutex.o(.ARM.exidx.text.acquire_mutex) refers to mutex.o(.text.acquire_mutex) for [Anonymous Symbol]
    mutex.o(.ARM.exidx.text.queue_item) refers to mutex.o(.text.queue_item) for [Anonymous Symbol]
    mutex.o(.text.add_by_priority) refers to staticmalloc.o(.text.Malloc) for Malloc
    mutex.o(.text.add_by_priority) refers to mutex.o(.text.priority) for priority
    mutex.o(.text.add_by_priority) refers to lists.o(.text.add_as_next) for add_as_next
    mutex.o(.text.add_by_priority) refers to lists.o(.text.add_to_front) for add_to_front
    mutex.o(.ARM.exidx.text.add_by_priority) refers to mutex.o(.text.add_by_priority) for [Anonymous Symbol]
    mutex.o(.ARM.exidx.text.release_mutex) refers to mutex.o(.text.release_mutex) for [Anonymous Symbol]
    mutex.o(.ARM.exidx.text.priority) refers to mutex.o(.text.priority) for [Anonymous Symbol]
    mutex.o(.ARM.exidx.text.id) refers to mutex.o(.text.id) for [Anonymous Symbol]
    startup_tm4c123.o(STACK) refers (Special) to heapauxi.o(.text) for __use_two_region_memory
    startup_tm4c123.o(HEAP) refers (Special) to heapauxi.o(.text) for __use_two_region_memory
    startup_tm4c123.o(RESET) refers (Special) to heapauxi.o(.text) for __use_two_region_memory
    startup_tm4c123.o(RESET) refers to startup_tm4c123.o(STACK) for __initial_sp
    startup_tm4c123.o(RESET) refers to startup_tm4c123.o(.text) for Reset_Handler
    startup_tm4c123.o(RESET) refers to main.o(.text.PendSV_Handler) for PendSV_Handler
    startup_tm4c123.o(RESET) refers to main.o(.text.SysTick_Handler) for SysTick_Handler
    startup_tm4c123.o(.text) refers (Special) to heapauxi.o(.text) for __use_two_region_memory
    startup_tm4c123.o(.text) refers to system_tm4c123.o(.text.SystemInit) for SystemInit
    startup_tm4c123.o(.text) refers to __main.o(!!!main) for __main
    startup_tm4c123.o(.text) refers to startup_tm4c123.o(HEAP) for Heap_Mem
    startup_tm4c123.o(.text) refers to startup_tm4c123.o(STACK) for Stack_Mem
    system_tm4c123.o(.text.SystemCoreClockUpdate) refers to system_tm4c123.o(.text.getOscClk) for getOscClk
    system_tm4c123.o(.text.SystemCoreClockUpdate) refers to system_tm4c123.o(.data.SystemCoreClock) for SystemCoreClock
    system_tm4c123.o(.ARM.exidx.text.SystemCoreClockUpdate) refers to system_tm4c123.o(.text.SystemCoreClockUpdate) for [Anonymous Symbol]
    system_tm4c123.o(.ARM.exidx.text.getOscClk) refers to system_tm4c123.o(.text.getOscClk) for [Anonymous Symbol]
    system_tm4c123.o(.ARM.exidx.text.SystemInit) refers to system_tm4c123.o(.text.SystemInit) for [Anonymous Symbol]
    __main.o(!!!main) refers to __rtentry.o(.ARM.Collect$$rtentry$$00000000) for __rt_entry
    __rtentry.o(.ARM.Collect$$rtentry$$00000000) refers (Special) to __rtentry2.o(.ARM.Collect$$rtentry$$0000000A) for __rt_entry_li
    __rtentry.o(.ARM.Collect$$rtentry$$00000000) refers (Special) to __rtentry2.o(.ARM.Collect$$rtentry$$0000000D) for __rt_entry_main
    __rtentry.o(.ARM.Collect$$rtentry$$00000000) refers (Special) to __rtentry2.o(.ARM.Collect$$rtentry$$0000000C) for __rt_entry_postli_1
    __rtentry.o(.ARM.Collect$$rtentry$$00000000) refers (Special) to __rtentry2.o(.ARM.Collect$$rtentry$$00000009) for __rt_entry_postsh_1
    __rtentry.o(.ARM.Collect$$rtentry$$00000000) refers (Special) to __rtentry2.o(.ARM.Collect$$rtentry$$00000002) for __rt_entry_presh_1
    __rtentry.o(.ARM.Collect$$rtentry$$00000000) refers (Special) to __rtentry4.o(.ARM.Collect$$rtentry$$00000004) for __rt_entry_sh
    __rtentry2.o(.ARM.Collect$$rtentry$$00000008) refers to boardinit2.o(.text) for _platform_post_stackheap_init
    __rtentry2.o(.ARM.Collect$$rtentry$$0000000A) refers to libinit.o(.ARM.Collect$$libinit$$00000000) for __rt_lib_init
    __rtentry2.o(.ARM.Collect$$rtentry$$0000000B) refers to boardinit3.o(.text) for _platform_post_lib_init
    __rtentry2.o(.ARM.Collect$$rtentry$$0000000D) refers to main.o(.text.main) for main
    __rtentry2.o(.ARM.Collect$$rtentry$$0000000D) refers to exit.o(.text) for exit
    __rtentry2.o(.ARM.exidx) refers to __rtentry2.o(.ARM.Collect$$rtentry$$00000001) for .ARM.Collect$$rtentry$$00000001
    __rtentry2.o(.ARM.exidx) refers to __rtentry2.o(.ARM.Collect$$rtentry$$00000008) for .ARM.Collect$$rtentry$$00000008
    __rtentry2.o(.ARM.exidx) refers to __rtentry2.o(.ARM.Collect$$rtentry$$0000000A) for .ARM.Collect$$rtentry$$0000000A
    __rtentry2.o(.ARM.exidx) refers to __rtentry2.o(.ARM.Collect$$rtentry$$0000000B) for .ARM.Collect$$rtentry$$0000000B
    __rtentry2.o(.ARM.exidx) refers to __rtentry2.o(.ARM.Collect$$rtentry$$0000000D) for .ARM.Collect$$rtentry$$0000000D
    __rtentry4.o(.ARM.Collect$$rtentry$$00000004) refers to sys_stackheap_outer.o(.text) for __user_setup_stackheap
    __rtentry4.o(.ARM.exidx) refers to __rtentry4.o(.ARM.Collect$$rtentry$$00000004) for .ARM.Collect$$rtentry$$00000004
    sys_stackheap_outer.o(.text) refers to libspace.o(.text) for __user_perproc_libspace
    sys_stackheap_outer.o(.text) refers to startup_tm4c123.o(.text) for __user_initial_stackheap
    exit.o(.text) refers to rtexit.o(.ARM.Collect$$rtexit$$00000000) for __rt_exit
    libinit.o(.ARM.Collect$$libinit$$00000000) refers (Special) to libinit2.o(.ARM.Collect$$libinit$$0000002E) for __rt_lib_init_alloca_1
    libinit.o(.ARM.Collect$$libinit$$00000000) refers (Special) to libinit2.o(.ARM.Collect$$libinit$$0000002C) for __rt_lib_init_argv_1
    libinit.o(.ARM.Collect$$libinit$$00000000) refers (Special) to libinit2.o(.ARM.Collect$$libinit$$0000001B) for __rt_lib_init_atexit_1
    libinit.o(.ARM.Collect$$libinit$$00000000) refers (Special) to libinit2.o(.ARM.Collect$$libinit$$00000021) for __rt_lib_init_clock_1
    libinit.o(.ARM.Collect$$libinit$$00000000) refers (Special) to libinit2.o(.ARM.Collect$$libinit$$00000032) for __rt_lib_init_cpp_1
    libinit.o(.ARM.Collect$$libinit$$00000000) refers (Special) to libinit2.o(.ARM.Collect$$libinit$$00000030) for __rt_lib_init_exceptions_1
    libinit.o(.ARM.Collect$$libinit$$00000000) refers (Special) to libinit2.o(.ARM.Collect$$libinit$$00000001) for __rt_lib_init_fp_1
    libinit.o(.ARM.Collect$$libinit$$00000000) refers (Special) to libinit2.o(.ARM.Collect$$libinit$$0000001F) for __rt_lib_init_fp_trap_1
    libinit.o(.ARM.Collect$$libinit$$00000000) refers (Special) to libinit2.o(.ARM.Collect$$libinit$$00000023) for __rt_lib_init_getenv_1
    libinit.o(.ARM.Collect$$libinit$$00000000) refers (Special) to libinit2.o(.ARM.Collect$$libinit$$0000000A) for __rt_lib_init_heap_1
    libinit.o(.ARM.Collect$$libinit$$00000000) refers (Special) to libinit2.o(.ARM.Collect$$libinit$$00000011) for __rt_lib_init_lc_collate_1
    libinit.o(.ARM.Collect$$libinit$$00000000) refers (Special) to libinit2.o(.ARM.Collect$$libinit$$00000013) for __rt_lib_init_lc_ctype_1
    libinit.o(.ARM.Collect$$libinit$$00000000) refers (Special) to libinit2.o(.ARM.Collect$$libinit$$00000015) for __rt_lib_init_lc_monetary_1
    libinit.o(.ARM.Collect$$libinit$$00000000) refers (Special) to libinit2.o(.ARM.Collect$$libinit$$00000017) for __rt_lib_init_lc_numeric_1
    libinit.o(.ARM.Collect$$libinit$$00000000) refers (Special) to libinit2.o(.ARM.Collect$$libinit$$00000019) for __rt_lib_init_lc_time_1
    libinit.o(.ARM.Collect$$libinit$$00000000) refers (Special) to libinit2.o(.ARM.Collect$$libinit$$00000004) for __rt_lib_init_preinit_1
    libinit.o(.ARM.Collect$$libinit$$00000000) refers (Special) to libinit2.o(.ARM.Collect$$libinit$$0000000E) for __rt_lib_init_rand_1
    libinit.o(.ARM.Collect$$libinit$$00000000) refers (Special) to libinit2.o(.ARM.Collect$$libinit$$00000033) for __rt_lib_init_return
    libinit.o(.ARM.Collect$$libinit$$00000000) refers (Special) to libinit2.o(.ARM.Collect$$libinit$$0000001D) for __rt_lib_init_signal_1
    libinit.o(.ARM.Collect$$libinit$$00000000) refers (Special) to libinit2.o(.ARM.Collect$$libinit$$00000025) for __rt_lib_init_stdio_1
    libinit.o(.ARM.Collect$$libinit$$00000000) refers (Special) to libinit2.o(.ARM.Collect$$libinit$$0000000C) for __rt_lib_init_user_alloc_1
    libspace.o(.text) refers to libspace.o(.bss) for __libspace_start
    rtexit.o(.ARM.Collect$$rtexit$$00000000) refers (Special) to rtexit2.o(.ARM.Collect$$rtexit$$00000004) for __rt_exit_exit
    rtexit.o(.ARM.Collect$$rtexit$$00000000) refers (Special) to rtexit2.o(.ARM.Collect$$rtexit$$00000003) for __rt_exit_ls
    rtexit.o(.ARM.Collect$$rtexit$$00000000) refers (Special) to rtexit2.o(.ARM.Collect$$rtexit$$00000002) for __rt_exit_prels_1
    rtexit.o(.ARM.exidx) refers (Special) to rtexit2.o(.ARM.Collect$$rtexit$$00000004) for __rt_exit_exit
    rtexit.o(.ARM.exidx) refers (Special) to rtexit2.o(.ARM.Collect$$rtexit$$00000003) for __rt_exit_ls
    rtexit.o(.ARM.exidx) refers (Special) to rtexit2.o(.ARM.Collect$$rtexit$$00000002) for __rt_exit_prels_1
    rtexit.o(.ARM.exidx) refers to rtexit.o(.ARM.Collect$$rtexit$$00000000) for .ARM.Collect$$rtexit$$00000000
    libinit2.o(.ARM.Collect$$libinit$$00000001) refers to fpinit.o(x$fpl$fpinit) for _fp_init
    libinit2.o(.ARM.Collect$$libinit$$00000010) refers to libinit2.o(.ARM.Collect$$libinit$$0000000F) for .ARM.Collect$$libinit$$0000000F
    libinit2.o(.ARM.Collect$$libinit$$00000012) refers to libinit2.o(.ARM.Collect$$libinit$$0000000F) for .ARM.Collect$$libinit$$0000000F
    libinit2.o(.ARM.Collect$$libinit$$00000014) refers to libinit2.o(.ARM.Collect$$libinit$$0000000F) for .ARM.Collect$$libinit$$0000000F
    libinit2.o(.ARM.Collect$$libinit$$00000016) refers to libinit2.o(.ARM.Collect$$libinit$$0000000F) for .ARM.Collect$$libinit$$0000000F
    libinit2.o(.ARM.Collect$$libinit$$00000018) refers to libinit2.o(.ARM.Collect$$libinit$$0000000F) for .ARM.Collect$$libinit$$0000000F
    libinit2.o(.ARM.Collect$$libinit$$00000026) refers to argv_veneer.o(.emb_text) for __ARM_argv_veneer
    libinit2.o(.ARM.Collect$$libinit$$00000027) refers to argv_veneer.o(.emb_text) for __ARM_argv_veneer
    rtexit2.o(.ARM.Collect$$rtexit$$00000003) refers to libshutdown.o(.ARM.Collect$$libshutdown$$00000000) for __rt_lib_shutdown
    rtexit2.o(.ARM.Collect$$rtexit$$00000004) refers to sys_exit.o(.text) for _sys_exit
    rtexit2.o(.ARM.exidx) refers to rtexit2.o(.ARM.Collect$$rtexit$$00000001) for .ARM.Collect$$rtexit$$00000001
    rtexit2.o(.ARM.exidx) refers to rtexit2.o(.ARM.Collect$$rtexit$$00000003) for .ARM.Collect$$rtexit$$00000003
    rtexit2.o(.ARM.exidx) refers to rtexit2.o(.ARM.Collect$$rtexit$$00000004) for .ARM.Collect$$rtexit$$00000004
    argv_veneer.o(.emb_text) refers to no_argv.o(.text) for __ARM_get_argv
    sys_exit.o(.text) refers (Special) to use_no_semi.o(.text) for __I$use$semihosting
    sys_exit.o(.text) refers (Special) to indicate_semi.o(.text) for __semihosting_library_function
    sys_exit_hlt.o(.text) refers (Special) to use_no_semi.o(.text) for __I$use$semihosting
    sys_exit_hlt.o(.text) refers (Special) to indicate_semi.o(.text) for __semihosting_library_function
    _get_argv_nomalloc.o(.text) refers (Special) to hrguard.o(.text) for __heap_region$guard
    _get_argv_nomalloc.o(.text) refers to defsig_rtmem_outer.o(.text) for __rt_SIGRTMEM
    _get_argv_nomalloc.o(.text) refers to sys_command.o(.text) for _sys_command_string
    libshutdown.o(.ARM.Collect$$libshutdown$$00000000) refers (Special) to libshutdown2.o(.ARM.Collect$$libshutdown$$00000002) for __rt_lib_shutdown_cpp_1
    libshutdown.o(.ARM.Collect$$libshutdown$$00000000) refers (Special) to libshutdown2.o(.ARM.Collect$$libshutdown$$00000007) for __rt_lib_shutdown_fp_trap_1
    libshutdown.o(.ARM.Collect$$libshutdown$$00000000) refers (Special) to libshutdown2.o(.ARM.Collect$$libshutdown$$0000000F) for __rt_lib_shutdown_heap_1
    libshutdown.o(.ARM.Collect$$libshutdown$$00000000) refers (Special) to libshutdown2.o(.ARM.Collect$$libshutdown$$00000010) for __rt_lib_shutdown_return
    libshutdown.o(.ARM.Collect$$libshutdown$$00000000) refers (Special) to libshutdown2.o(.ARM.Collect$$libshutdown$$0000000A) for __rt_lib_shutdown_signal_1
    libshutdown.o(.ARM.Collect$$libshutdown$$00000000) refers (Special) to libshutdown2.o(.ARM.Collect$$libshutdown$$00000004) for __rt_lib_shutdown_stdio_1
    libshutdown.o(.ARM.Collect$$libshutdown$$00000000) refers (Special) to libshutdown2.o(.ARM.Collect$$libshutdown$$0000000C) for __rt_lib_shutdown_user_alloc_1
    sys_command.o(.text) refers (Special) to use_no_semi.o(.text) for __I$use$semihosting
    sys_command.o(.text) refers (Special) to indicate_semi.o(.text) for __semihosting_library_function
    sys_command_hlt.o(.text) refers (Special) to use_no_semi.o(.text) for __I$use$semihosting
    sys_command_hlt.o(.text) refers (Special) to indicate_semi.o(.text) for __semihosting_library_function
    defsig_rtmem_outer.o(.text) refers to defsig_rtmem_inner.o(.text) for __rt_SIGRTMEM_inner
    defsig_rtmem_outer.o(.text) refers to defsig_exit.o(.text) for __sig_exit
    defsig_rtmem_formal.o(.text) refers to rt_raise.o(.text) for __rt_raise
    rt_raise.o(.text) refers to __raise.o(.text) for __raise
    rt_raise.o(.text) refers to sys_exit.o(.text) for _sys_exit
    defsig_exit.o(.text) refers to sys_exit.o(.text) for _sys_exit
    defsig_rtmem_inner.o(.text) refers to defsig_general.o(.text) for __default_signal_display
    __raise.o(.text) refers to defsig.o(CL$$defsig) for __default_signal_handler
    defsig_general.o(.text) refers to sys_wrch.o(.text) for _ttywrch
    sys_wrch.o(.text) refers (Special) to use_no_semi.o(.text) for __I$use$semihosting
    sys_wrch.o(.text) refers (Special) to indicate_semi.o(.text) for __semihosting_library_function
    sys_wrch_hlt.o(.text) refers (Special) to use_no_semi.o(.text) for __I$use$semihosting
    sys_wrch_hlt.o(.text) refers (Special) to indicate_semi.o(.text) for __semihosting_library_function
    defsig.o(CL$$defsig) refers to defsig_rtmem_inner.o(.text) for __rt_SIGRTMEM_inner
    defsig_abrt_inner.o(.text) refers to defsig_general.o(.text) for __default_signal_display
    defsig_fpe_inner.o(.text) refers to defsig_general.o(.text) for __default_signal_display
    defsig_rtred_inner.o(.text) refers to defsig_general.o(.text) for __default_signal_display
    defsig_stak_inner.o(.text) refers to defsig_general.o(.text) for __default_signal_display
    defsig_pvfn_inner.o(.text) refers to defsig_general.o(.text) for __default_signal_display
    defsig_cppl_inner.o(.text) refers to defsig_general.o(.text) for __default_signal_display
    defsig_segv_inner.o(.text) refers to defsig_general.o(.text) for __default_signal_display
    defsig_other.o(.text) refers to defsig_general.o(.text) for __default_signal_display


==============================================================================

Removing Unused input sections from the image.

    Removing serial.o(.text), (0 bytes).
    Removing serial.o(.ARM.exidx.text.SetupSerial), (8 bytes).
    Removing serial.o(.ARM.exidx.text.SerialWrite), (8 bytes).
    Removing serial.o(.text.SerialWriteLine), (92 bytes).
    Removing serial.o(.ARM.exidx.text.SerialWriteLine), (8 bytes).
    Removing serial.o(.text.SerialWriteInt), (158 bytes).
    Removing serial.o(.ARM.exidx.text.SerialWriteInt), (8 bytes).
    Removing serial.o(.rodata.str1.1), (11 bytes).
    Removing timer.o(.text), (0 bytes).
    Removing timer.o(.text.SystickInit), (42 bytes).
    Removing timer.o(.ARM.exidx.text.SystickInit), (8 bytes).
    Removing timer.o(.text.SysTick_Wait), (56 bytes).
    Removing timer.o(.ARM.exidx.text.SysTick_Wait), (8 bytes).
    Removing timer.o(.text.SysTick_Wait10ms), (48 bytes).
    Removing timer.o(.ARM.exidx.text.SysTick_Wait10ms), (8 bytes).
    Removing timer.o(.text.SysTick_Wait1ms), (48 bytes).
    Removing timer.o(.ARM.exidx.text.SysTick_Wait1ms), (8 bytes).
    Removing timer.o(.text.SysTick_Wait100microsec), (44 bytes).
    Removing timer.o(.ARM.exidx.text.SysTick_Wait100microsec), (8 bytes).
    Removing timer.o(.text.SysTick_Wait10microsec), (44 bytes).
    Removing timer.o(.ARM.exidx.text.SysTick_Wait10microsec), (8 bytes).
    Removing timer.o(.text.SysTick_Wait1microsec), (42 bytes).
    Removing timer.o(.ARM.exidx.text.SysTick_Wait1microsec), (8 bytes).
    Removing main.o(.text), (0 bytes).
    Removing main.o(.ARM.exidx.text.PLLInit), (8 bytes).
    Removing main.o(.ARM.exidx.text.portBSetup), (8 bytes).
    Removing main.o(.ARM.exidx.text.OS_SetupTimerInterrupt), (8 bytes).
    Removing main.o(.ARM.exidx.text.SEMAPHORES_Thread1), (8 bytes).
    Removing main.o(.ARM.exidx.text.SEMAPHORES_Thread2), (8 bytes).
    Removing main.o(.ARM.exidx.text.SEMAPHORES_Thread3), (8 bytes).
    Removing main.o(.ARM.exidx.text.SEMAPHORES_Thread4), (8 bytes).
    Removing main.o(.ARM.exidx.text.initReadyLists), (8 bytes).
    Removing main.o(.ARM.exidx.text.OS_spawnThread), (8 bytes).
    Removing main.o(.ARM.exidx.text.OS_startScheduler), (8 bytes).
    Removing main.o(.ARM.exidx.text.main), (8 bytes).
    Removing main.o(.ARM.exidx.text.__set_BASEPRI), (8 bytes).
    Removing main.o(.ARM.exidx.text.SysTick_Handler), (8 bytes).
    Removing main.o(.ARM.exidx.text.OS_switchToNextTask), (8 bytes).
    Removing main.o(.ARM.exidx.text.PendSV_Handler), (8 bytes).
    Removing main.o(.bss.tmpThread1), (4 bytes).
    Removing main.o(.bss.tmpThread2), (4 bytes).
    Removing main.o(.bss.pendcounter), (4 bytes).
    Removing main.o(.data.GLOBAL_SEMAPHORE), (4 bytes).
    Removing main.o(.ARM.use_no_argv), (4 bytes).
    Removing staticmalloc.o(.text), (0 bytes).
    Removing staticmalloc.o(.ARM.exidx.text.initMalloc), (8 bytes).
    Removing staticmalloc.o(.ARM.exidx.text.Malloc), (8 bytes).
    Removing staticmalloc.o(.ARM.exidx.text.getSize), (8 bytes).
    Removing staticmalloc.o(.ARM.exidx.text.removeFromFreeList), (8 bytes).
    Removing staticmalloc.o(.ARM.exidx.text.Free), (8 bytes).
    Removing scheduler.o(.text), (0 bytes).
    Removing lists.o(.text), (0 bytes).
    Removing lists.o(.ARM.exidx.text.create_list), (8 bytes).
    Removing lists.o(.ARM.exidx.text.create_circular_list), (8 bytes).
    Removing lists.o(.ARM.exidx.text.add_as_next), (8 bytes).
    Removing lists.o(.ARM.exidx.text.add_to_front), (8 bytes).
    Removing lists.o(.text.add_to_back), (128 bytes).
    Removing lists.o(.ARM.exidx.text.add_to_back), (8 bytes).
    Removing lists.o(.ARM.exidx.text.delete_node), (8 bytes).
    Removing semaphore.o(.text), (0 bytes).
    Removing semaphore.o(.ARM.exidx.text.OS_WaitNaive), (8 bytes).
    Removing semaphore.o(.ARM.exidx.text.OS_SignalNaive), (8 bytes).
    Removing mutex.o(.text), (0 bytes).
    Removing mutex.o(.ARM.exidx.text.create_mutex), (8 bytes).
    Removing mutex.o(.text.free_mutex), (40 bytes).
    Removing mutex.o(.ARM.exidx.text.free_mutex), (8 bytes).
    Removing mutex.o(.ARM.exidx.text.acquire_mutex), (8 bytes).
    Removing mutex.o(.ARM.exidx.text.queue_item), (8 bytes).
    Removing mutex.o(.ARM.exidx.text.add_by_priority), (8 bytes).
    Removing mutex.o(.ARM.exidx.text.release_mutex), (8 bytes).
    Removing mutex.o(.ARM.exidx.text.priority), (8 bytes).
    Removing mutex.o(.text.id), (12 bytes).
    Removing mutex.o(.ARM.exidx.text.id), (8 bytes).
    Removing system_tm4c123.o(.text), (0 bytes).
    Removing system_tm4c123.o(.text.SystemCoreClockUpdate), (326 bytes).
    Removing system_tm4c123.o(.ARM.exidx.text.SystemCoreClockUpdate), (8 bytes).
    Removing system_tm4c123.o(.text.getOscClk), (360 bytes).
    Removing system_tm4c123.o(.ARM.exidx.text.getOscClk), (8 bytes).
    Removing system_tm4c123.o(.ARM.exidx.text.SystemInit), (8 bytes).
    Removing system_tm4c123.o(.data.SystemCoreClock), (4 bytes).

80 unused section(s) (total 1875 bytes) removed from the image.

==============================================================================

Image Symbol Table

    Local Symbols

    Symbol Name                              Value     Ov Type        Size  Object(Section)

    ../clib/angel/boardlib.s                 0x00000000   Number         0  boardinit1.o ABSOLUTE
    ../clib/angel/boardlib.s                 0x00000000   Number         0  boardinit2.o ABSOLUTE
    ../clib/angel/boardlib.s                 0x00000000   Number         0  boardinit3.o ABSOLUTE
    ../clib/angel/boardlib.s                 0x00000000   Number         0  boardshut.o ABSOLUTE
    ../clib/angel/handlers.s                 0x00000000   Number         0  __scatter_copy.o ABSOLUTE
    ../clib/angel/handlers.s                 0x00000000   Number         0  __scatter_zi.o ABSOLUTE
    ../clib/angel/kernel.s                   0x00000000   Number         0  __rtentry.o ABSOLUTE
    ../clib/angel/kernel.s                   0x00000000   Number         0  __rtentry2.o ABSOLUTE
    ../clib/angel/kernel.s                   0x00000000   Number         0  __rtentry4.o ABSOLUTE
    ../clib/angel/kernel.s                   0x00000000   Number         0  rtexit.o ABSOLUTE
    ../clib/angel/kernel.s                   0x00000000   Number         0  rtexit2.o ABSOLUTE
    ../clib/angel/rt.s                       0x00000000   Number         0  rt_raise.o ABSOLUTE
    ../clib/angel/scatter.s                  0x00000000   Number         0  __scatter.o ABSOLUTE
    ../clib/angel/startup.s                  0x00000000   Number         0  __main.o ABSOLUTE
    ../clib/angel/sys.s                      0x00000000   Number         0  sys_stackheap_outer.o ABSOLUTE
    ../clib/angel/sys.s                      0x00000000   Number         0  libspace.o ABSOLUTE
    ../clib/angel/sys.s                      0x00000000   Number         0  use_no_semi.o ABSOLUTE
    ../clib/angel/sys.s                      0x00000000   Number         0  indicate_semi.o ABSOLUTE
    ../clib/angel/sysapp.c                   0x00000000   Number         0  sys_exit.o ABSOLUTE
    ../clib/angel/sysapp.c                   0x00000000   Number         0  sys_exit_hlt.o ABSOLUTE
    ../clib/angel/sysapp.c                   0x00000000   Number         0  sys_command.o ABSOLUTE
    ../clib/angel/sysapp.c                   0x00000000   Number         0  sys_command_hlt.o ABSOLUTE
    ../clib/angel/sysapp.c                   0x00000000   Number         0  sys_wrch.o ABSOLUTE
    ../clib/angel/sysapp.c                   0x00000000   Number         0  sys_wrch_hlt.o ABSOLUTE
    ../clib/armsys.c                         0x00000000   Number         0  argv_veneer.o ABSOLUTE
    ../clib/armsys.c                         0x00000000   Number         0  argv_veneer.o ABSOLUTE
    ../clib/armsys.c                         0x00000000   Number         0  _get_argv_nomalloc.o ABSOLUTE
    ../clib/armsys.c                         0x00000000   Number         0  no_argv.o ABSOLUTE
    ../clib/heapalloc.c                      0x00000000   Number         0  hrguard.o ABSOLUTE
    ../clib/heapaux.c                        0x00000000   Number         0  heapauxi.o ABSOLUTE
    ../clib/libinit.s                        0x00000000   Number         0  libinit.o ABSOLUTE
    ../clib/libinit.s                        0x00000000   Number         0  libinit2.o ABSOLUTE
    ../clib/libinit.s                        0x00000000   Number         0  libshutdown.o ABSOLUTE
    ../clib/libinit.s                        0x00000000   Number         0  libshutdown2.o ABSOLUTE
    ../clib/signal.c                         0x00000000   Number         0  defsig_rtmem_outer.o ABSOLUTE
    ../clib/signal.c                         0x00000000   Number         0  defsig_rtmem_formal.o ABSOLUTE
    ../clib/signal.c                         0x00000000   Number         0  defsig_exit.o ABSOLUTE
    ../clib/signal.c                         0x00000000   Number         0  defsig_rtmem_inner.o ABSOLUTE
    ../clib/signal.c                         0x00000000   Number         0  __raise.o ABSOLUTE
    ../clib/signal.c                         0x00000000   Number         0  defsig_general.o ABSOLUTE
    ../clib/signal.c                         0x00000000   Number         0  defsig_abrt_inner.o ABSOLUTE
    ../clib/signal.c                         0x00000000   Number         0  defsig_fpe_inner.o ABSOLUTE
    ../clib/signal.c                         0x00000000   Number         0  defsig_rtred_inner.o ABSOLUTE
    ../clib/signal.c                         0x00000000   Number         0  defsig_stak_inner.o ABSOLUTE
    ../clib/signal.c                         0x00000000   Number         0  defsig_pvfn_inner.o ABSOLUTE
    ../clib/signal.c                         0x00000000   Number         0  defsig_cppl_inner.o ABSOLUTE
    ../clib/signal.c                         0x00000000   Number         0  defsig_segv_inner.o ABSOLUTE
    ../clib/signal.c                         0x00000000   Number         0  defsig_other.o ABSOLUTE
    ../clib/signal.s                         0x00000000   Number         0  defsig.o ABSOLUTE
    ../clib/stdlib.c                         0x00000000   Number         0  exit.o ABSOLUTE
    ../fplib/fpinit.s                        0x00000000   Number         0  fpinit.o ABSOLUTE
    RTE/Device/TM4C1236H6PM/startup_TM4C123.s 0x00000000   Number         0  startup_tm4c123.o ABSOLUTE
    dc.s                                     0x00000000   Number         0  dc.o ABSOLUTE
    lists.c                                  0x00000000   Number         0  lists.o ABSOLUTE
    main.c                                   0x00000000   Number         0  main.o ABSOLUTE
    mutex.c                                  0x00000000   Number         0  mutex.o ABSOLUTE
    scheduler.c                              0x00000000   Number         0  scheduler.o ABSOLUTE
    semaphore.c                              0x00000000   Number         0  semaphore.o ABSOLUTE
    serial.c                                 0x00000000   Number         0  serial.o ABSOLUTE
    staticMalloc.c                           0x00000000   Number         0  staticmalloc.o ABSOLUTE
    system_TM4C123.c                         0x00000000   Number         0  system_tm4c123.o ABSOLUTE
    timer.c                                  0x00000000   Number         0  timer.o ABSOLUTE
    RESET                                    0x00000000   Section      620  startup_tm4c123.o(RESET)
    !!!main                                  0x0000026c   Section        8  __main.o(!!!main)
    !!!scatter                               0x00000274   Section       52  __scatter.o(!!!scatter)
    !!handler_copy                           0x000002a8   Section       26  __scatter_copy.o(!!handler_copy)
    !!handler_zi                             0x000002c4   Section       28  __scatter_zi.o(!!handler_zi)
    .ARM.Collect$$libinit$$00000000          0x000002e0   Section        2  libinit.o(.ARM.Collect$$libinit$$00000000)
    .ARM.Collect$$libinit$$00000001          0x000002e2   Section        4  libinit2.o(.ARM.Collect$$libinit$$00000001)
    .ARM.Collect$$libinit$$00000004          0x000002e6   Section        0  libinit2.o(.ARM.Collect$$libinit$$00000004)
    .ARM.Collect$$libinit$$0000000A          0x000002e6   Section        0  libinit2.o(.ARM.Collect$$libinit$$0000000A)
    .ARM.Collect$$libinit$$0000000C          0x000002e6   Section        0  libinit2.o(.ARM.Collect$$libinit$$0000000C)
    .ARM.Collect$$libinit$$0000000E          0x000002e6   Section        0  libinit2.o(.ARM.Collect$$libinit$$0000000E)
    .ARM.Collect$$libinit$$00000011          0x000002e6   Section        0  libinit2.o(.ARM.Collect$$libinit$$00000011)
    .ARM.Collect$$libinit$$00000013          0x000002e6   Section        0  libinit2.o(.ARM.Collect$$libinit$$00000013)
    .ARM.Collect$$libinit$$00000015          0x000002e6   Section        0  libinit2.o(.ARM.Collect$$libinit$$00000015)
    .ARM.Collect$$libinit$$00000017          0x000002e6   Section        0  libinit2.o(.ARM.Collect$$libinit$$00000017)
    .ARM.Collect$$libinit$$00000019          0x000002e6   Section        0  libinit2.o(.ARM.Collect$$libinit$$00000019)
    .ARM.Collect$$libinit$$0000001B          0x000002e6   Section        0  libinit2.o(.ARM.Collect$$libinit$$0000001B)
    .ARM.Collect$$libinit$$0000001D          0x000002e6   Section        0  libinit2.o(.ARM.Collect$$libinit$$0000001D)
    .ARM.Collect$$libinit$$0000001F          0x000002e6   Section        0  libinit2.o(.ARM.Collect$$libinit$$0000001F)
    .ARM.Collect$$libinit$$00000021          0x000002e6   Section        0  libinit2.o(.ARM.Collect$$libinit$$00000021)
    .ARM.Collect$$libinit$$00000023          0x000002e6   Section        0  libinit2.o(.ARM.Collect$$libinit$$00000023)
    .ARM.Collect$$libinit$$00000025          0x000002e6   Section        0  libinit2.o(.ARM.Collect$$libinit$$00000025)
    .ARM.Collect$$libinit$$0000002C          0x000002e6   Section        0  libinit2.o(.ARM.Collect$$libinit$$0000002C)
    .ARM.Collect$$libinit$$0000002E          0x000002e6   Section        0  libinit2.o(.ARM.Collect$$libinit$$0000002E)
    .ARM.Collect$$libinit$$00000030          0x000002e6   Section        0  libinit2.o(.ARM.Collect$$libinit$$00000030)
    .ARM.Collect$$libinit$$00000032          0x000002e6   Section        0  libinit2.o(.ARM.Collect$$libinit$$00000032)
    .ARM.Collect$$libinit$$00000033          0x000002e6   Section        2  libinit2.o(.ARM.Collect$$libinit$$00000033)
    .ARM.Collect$$libshutdown$$00000000      0x000002e8   Section        2  libshutdown.o(.ARM.Collect$$libshutdown$$00000000)
    .ARM.Collect$$libshutdown$$00000002      0x000002ea   Section        0  libshutdown2.o(.ARM.Collect$$libshutdown$$00000002)
    .ARM.Collect$$libshutdown$$00000004      0x000002ea   Section        0  libshutdown2.o(.ARM.Collect$$libshutdown$$00000004)
    .ARM.Collect$$libshutdown$$00000007      0x000002ea   Section        0  libshutdown2.o(.ARM.Collect$$libshutdown$$00000007)
    .ARM.Collect$$libshutdown$$0000000A      0x000002ea   Section        0  libshutdown2.o(.ARM.Collect$$libshutdown$$0000000A)
    .ARM.Collect$$libshutdown$$0000000C      0x000002ea   Section        0  libshutdown2.o(.ARM.Collect$$libshutdown$$0000000C)
    .ARM.Collect$$libshutdown$$0000000F      0x000002ea   Section        0  libshutdown2.o(.ARM.Collect$$libshutdown$$0000000F)
    .ARM.Collect$$libshutdown$$00000010      0x000002ea   Section        2  libshutdown2.o(.ARM.Collect$$libshutdown$$00000010)
    .ARM.Collect$$rtentry$$00000000          0x000002ec   Section        0  __rtentry.o(.ARM.Collect$$rtentry$$00000000)
    .ARM.Collect$$rtentry$$00000002          0x000002ec   Section        0  __rtentry2.o(.ARM.Collect$$rtentry$$00000002)
    .ARM.Collect$$rtentry$$00000004          0x000002ec   Section        6  __rtentry4.o(.ARM.Collect$$rtentry$$00000004)
    .ARM.Collect$$rtentry$$00000009          0x000002f2   Section        0  __rtentry2.o(.ARM.Collect$$rtentry$$00000009)
    .ARM.Collect$$rtentry$$0000000A          0x000002f2   Section        4  __rtentry2.o(.ARM.Collect$$rtentry$$0000000A)
    .ARM.Collect$$rtentry$$0000000C          0x000002f6   Section        0  __rtentry2.o(.ARM.Collect$$rtentry$$0000000C)
    .ARM.Collect$$rtentry$$0000000D          0x000002f6   Section        8  __rtentry2.o(.ARM.Collect$$rtentry$$0000000D)
    .ARM.Collect$$rtexit$$00000000           0x000002fe   Section        2  rtexit.o(.ARM.Collect$$rtexit$$00000000)
    .ARM.Collect$$rtexit$$00000002           0x00000300   Section        0  rtexit2.o(.ARM.Collect$$rtexit$$00000002)
    .ARM.Collect$$rtexit$$00000003           0x00000300   Section        4  rtexit2.o(.ARM.Collect$$rtexit$$00000003)
    .ARM.Collect$$rtexit$$00000004           0x00000304   Section        6  rtexit2.o(.ARM.Collect$$rtexit$$00000004)
    $v0                                      0x0000030c   Number         0  startup_tm4c123.o(.text)
    .text                                    0x0000030c   Section      276  startup_tm4c123.o(.text)
    .text                                    0x00000420   Section        0  heapauxi.o(.text)
    .text                                    0x00000426   Section       74  sys_stackheap_outer.o(.text)
    .text                                    0x00000470   Section        0  exit.o(.text)
    .text                                    0x00000484   Section        8  libspace.o(.text)
    .text                                    0x0000048c   Section        0  sys_exit.o(.text)
    .text                                    0x00000498   Section        2  use_no_semi.o(.text)
    .text                                    0x0000049a   Section        0  indicate_semi.o(.text)
    [Anonymous Symbol]                       0x0000049c   Section        0  staticmalloc.o(.text.Free)
    [Anonymous Symbol]                       0x000004f0   Section        0  staticmalloc.o(.text.Malloc)
    [Anonymous Symbol]                       0x000005ac   Section        0  main.o(.text.OS_SetupTimerInterrupt)
    [Anonymous Symbol]                       0x000005e8   Section        0  semaphore.o(.text.OS_SignalNaive)
    [Anonymous Symbol]                       0x000005fc   Section        0  semaphore.o(.text.OS_WaitNaive)
    [Anonymous Symbol]                       0x00000624   Section        0  main.o(.text.OS_spawnThread)
    [Anonymous Symbol]                       0x000007b4   Section        0  main.o(.text.OS_startScheduler)
    [Anonymous Symbol]                       0x000007c4   Section        0  main.o(.text.OS_switchToNextTask)
    [Anonymous Symbol]                       0x00000848   Section        0  main.o(.text.PLLInit)
    [Anonymous Symbol]                       0x000008c4   Section        0  main.o(.text.PendSV_Handler)
    [Anonymous Symbol]                       0x0000098c   Section        0  main.o(.text.SEMAPHORES_Thread1)
    [Anonymous Symbol]                       0x00000a14   Section        0  main.o(.text.SEMAPHORES_Thread2)
    [Anonymous Symbol]                       0x00000a98   Section        0  main.o(.text.SEMAPHORES_Thread3)
    [Anonymous Symbol]                       0x00000b1c   Section        0  main.o(.text.SEMAPHORES_Thread4)
    [Anonymous Symbol]                       0x00000ba0   Section        0  serial.o(.text.SerialWrite)
    [Anonymous Symbol]                       0x00000be8   Section        0  serial.o(.text.SetupSerial)
    [Anonymous Symbol]                       0x00000c88   Section        0  main.o(.text.SysTick_Handler)
    [Anonymous Symbol]                       0x00000c98   Section        0  system_tm4c123.o(.text.SystemInit)
    __set_BASEPRI                            0x00000da5   Thumb Code    20  main.o(.text.__set_BASEPRI)
    [Anonymous Symbol]                       0x00000da4   Section        0  main.o(.text.__set_BASEPRI)
    [Anonymous Symbol]                       0x00000db8   Section        0  mutex.o(.text.acquire_mutex)
    [Anonymous Symbol]                       0x00000e6c   Section        0  lists.o(.text.add_as_next)
    [Anonymous Symbol]                       0x00000ed4   Section        0  mutex.o(.text.add_by_priority)
    [Anonymous Symbol]                       0x00000f78   Section        0  lists.o(.text.add_to_front)
    [Anonymous Symbol]                       0x00000fb8   Section        0  lists.o(.text.create_circular_list)
    [Anonymous Symbol]                       0x00000fec   Section        0  lists.o(.text.create_list)
    [Anonymous Symbol]                       0x00001020   Section        0  mutex.o(.text.create_mutex)
    [Anonymous Symbol]                       0x00001054   Section        0  lists.o(.text.delete_node)
    [Anonymous Symbol]                       0x000010c0   Section        0  staticmalloc.o(.text.getSize)
    [Anonymous Symbol]                       0x000010d4   Section        0  staticmalloc.o(.text.initMalloc)
    [Anonymous Symbol]                       0x00001134   Section        0  main.o(.text.initReadyLists)
    [Anonymous Symbol]                       0x00001164   Section        0  main.o(.text.main)
    [Anonymous Symbol]                       0x00001214   Section        0  main.o(.text.portBSetup)
    [Anonymous Symbol]                       0x0000127c   Section        0  mutex.o(.text.priority)
    [Anonymous Symbol]                       0x00001288   Section        0  mutex.o(.text.queue_item)
    [Anonymous Symbol]                       0x0000129c   Section        0  mutex.o(.text.release_mutex)
    [Anonymous Symbol]                       0x000012b0   Section        0  staticmalloc.o(.text.removeFromFreeList)
    $v0                                      0x00001302   Number         0  fpinit.o(x$fpl$fpinit)
    x$fpl$fpinit                             0x00001302   Section       26  fpinit.o(x$fpl$fpinit)
    .L.str.4                                 0x0000131c   Data          15  main.o(.rodata.str1.1)
    [Anonymous Symbol]                       0x0000131c   Section        0  main.o(.rodata.str1.1)
    .L.str                                   0x0000132b   Data          28  main.o(.rodata.str1.1)
    .L.str.1                                 0x00001347   Data          18  main.o(.rodata.str1.1)
    .L.str.2                                 0x00001359   Data          18  main.o(.rodata.str1.1)
    .L.str.3                                 0x0000136b   Data          18  main.o(.rodata.str1.1)
    .bss                                     0x20000008   Section       96  libspace.o(.bss)
    Heap_Mem                                 0x200004a0   Data           0  startup_tm4c123.o(HEAP)
    Stack_Mem                                0x200004a0   Data         512  startup_tm4c123.o(STACK)
    HEAP                                     0x200004a0   Section        0  startup_tm4c123.o(HEAP)
    STACK                                    0x200004a0   Section      512  startup_tm4c123.o(STACK)
    __initial_sp                             0x200006a0   Data           0  startup_tm4c123.o(STACK)

    Global Symbols

    Symbol Name                              Value     Ov Type        Size  Object(Section)

    BuildAttributes$$THM_ISAv4$E$P$D$K$B$S$7EM$VFPi3$EXTD16$VFPS$VFMA$PE$A:L22UL41UL21$X:L11$S22US41US21$IEEE1$IW$~IW$USESV6$~STKCKD$USESV7$~SHL$OSPACE$ROPI$EBA8$UX$STANDARDLIB$REQ8$PRES8$EABIv2 0x00000000   Number         0  anon$$obj.o ABSOLUTE
    __Vectors                                0x00000000   Data           4  startup_tm4c123.o(RESET)
    __ARM_exceptions_init                     - Undefined Weak Reference
    __alloca_initialize                       - Undefined Weak Reference
    __arm_preinit_                            - Undefined Weak Reference
    __cpp_initialize__aeabi_                  - Undefined Weak Reference
    __cxa_finalize                            - Undefined Weak Reference
    __rt_locale                               - Undefined Weak Reference
    __sigvec_lookup                           - Undefined Weak Reference
    _atexit_init                              - Undefined Weak Reference
    _call_atexit_fns                          - Undefined Weak Reference
    _clock_init                               - Undefined Weak Reference
    _fp_trap_init                             - Undefined Weak Reference
    _fp_trap_shutdown                         - Undefined Weak Reference
    _get_lc_collate                           - Undefined Weak Reference
    _get_lc_ctype                             - Undefined Weak Reference
    _get_lc_monetary                          - Undefined Weak Reference
    _get_lc_numeric                           - Undefined Weak Reference
    _get_lc_time                              - Undefined Weak Reference
    _getenv_init                              - Undefined Weak Reference
    _handle_redirection                       - Undefined Weak Reference
    _init_alloc                               - Undefined Weak Reference
    _init_user_alloc                          - Undefined Weak Reference
    _initio                                   - Undefined Weak Reference
    _rand_init                                - Undefined Weak Reference
    _signal_finish                            - Undefined Weak Reference
    _signal_init                              - Undefined Weak Reference
    _terminate_alloc                          - Undefined Weak Reference
    _terminate_user_alloc                     - Undefined Weak Reference
    _terminateio                              - Undefined Weak Reference
    __Vectors_End                            0x0000026c   Data           0  startup_tm4c123.o(RESET)
    __Vectors_Size                           0x0000026c   Number         0  startup_tm4c123.o ABSOLUTE
    __main                                   0x0000026d   Thumb Code     8  __main.o(!!!main)
    __scatterload                            0x00000275   Thumb Code     0  __scatter.o(!!!scatter)
    __scatterload_rt2                        0x00000275   Thumb Code    44  __scatter.o(!!!scatter)
    __scatterload_rt2_thumb_only             0x00000275   Thumb Code     0  __scatter.o(!!!scatter)
    __scatterload_null                       0x00000283   Thumb Code     0  __scatter.o(!!!scatter)
    __scatterload_copy                       0x000002a9   Thumb Code    26  __scatter_copy.o(!!handler_copy)
    __scatterload_zeroinit                   0x000002c5   Thumb Code    28  __scatter_zi.o(!!handler_zi)
    __rt_lib_init                            0x000002e1   Thumb Code     0  libinit.o(.ARM.Collect$$libinit$$00000000)
    __rt_lib_init_fp_1                       0x000002e3   Thumb Code     0  libinit2.o(.ARM.Collect$$libinit$$00000001)
    __rt_lib_init_alloca_1                   0x000002e7   Thumb Code     0  libinit2.o(.ARM.Collect$$libinit$$0000002E)
    __rt_lib_init_argv_1                     0x000002e7   Thumb Code     0  libinit2.o(.ARM.Collect$$libinit$$0000002C)
    __rt_lib_init_atexit_1                   0x000002e7   Thumb Code     0  libinit2.o(.ARM.Collect$$libinit$$0000001B)
    __rt_lib_init_clock_1                    0x000002e7   Thumb Code     0  libinit2.o(.ARM.Collect$$libinit$$00000021)
    __rt_lib_init_cpp_1                      0x000002e7   Thumb Code     0  libinit2.o(.ARM.Collect$$libinit$$00000032)
    __rt_lib_init_exceptions_1               0x000002e7   Thumb Code     0  libinit2.o(.ARM.Collect$$libinit$$00000030)
    __rt_lib_init_fp_trap_1                  0x000002e7   Thumb Code     0  libinit2.o(.ARM.Collect$$libinit$$0000001F)
    __rt_lib_init_getenv_1                   0x000002e7   Thumb Code     0  libinit2.o(.ARM.Collect$$libinit$$00000023)
    __rt_lib_init_heap_1                     0x000002e7   Thumb Code     0  libinit2.o(.ARM.Collect$$libinit$$0000000A)
    __rt_lib_init_lc_collate_1               0x000002e7   Thumb Code     0  libinit2.o(.ARM.Collect$$libinit$$00000011)
    __rt_lib_init_lc_ctype_1                 0x000002e7   Thumb Code     0  libinit2.o(.ARM.Collect$$libinit$$00000013)
    __rt_lib_init_lc_monetary_1              0x000002e7   Thumb Code     0  libinit2.o(.ARM.Collect$$libinit$$00000015)
    __rt_lib_init_lc_numeric_1               0x000002e7   Thumb Code     0  libinit2.o(.ARM.Collect$$libinit$$00000017)
    __rt_lib_init_lc_time_1                  0x000002e7   Thumb Code     0  libinit2.o(.ARM.Collect$$libinit$$00000019)
    __rt_lib_init_preinit_1                  0x000002e7   Thumb Code     0  libinit2.o(.ARM.Collect$$libinit$$00000004)
    __rt_lib_init_rand_1                     0x000002e7   Thumb Code     0  libinit2.o(.ARM.Collect$$libinit$$0000000E)
    __rt_lib_init_return                     0x000002e7   Thumb Code     0  libinit2.o(.ARM.Collect$$libinit$$00000033)
    __rt_lib_init_signal_1                   0x000002e7   Thumb Code     0  libinit2.o(.ARM.Collect$$libinit$$0000001D)
    __rt_lib_init_stdio_1                    0x000002e7   Thumb Code     0  libinit2.o(.ARM.Collect$$libinit$$00000025)
    __rt_lib_init_user_alloc_1               0x000002e7   Thumb Code     0  libinit2.o(.ARM.Collect$$libinit$$0000000C)
    __rt_lib_shutdown                        0x000002e9   Thumb Code     0  libshutdown.o(.ARM.Collect$$libshutdown$$00000000)
    __rt_lib_shutdown_cpp_1                  0x000002eb   Thumb Code     0  libshutdown2.o(.ARM.Collect$$libshutdown$$00000002)
    __rt_lib_shutdown_fp_trap_1              0x000002eb   Thumb Code     0  libshutdown2.o(.ARM.Collect$$libshutdown$$00000007)
    __rt_lib_shutdown_heap_1                 0x000002eb   Thumb Code     0  libshutdown2.o(.ARM.Collect$$libshutdown$$0000000F)
    __rt_lib_shutdown_return                 0x000002eb   Thumb Code     0  libshutdown2.o(.ARM.Collect$$libshutdown$$00000010)
    __rt_lib_shutdown_signal_1               0x000002eb   Thumb Code     0  libshutdown2.o(.ARM.Collect$$libshutdown$$0000000A)
    __rt_lib_shutdown_stdio_1                0x000002eb   Thumb Code     0  libshutdown2.o(.ARM.Collect$$libshutdown$$00000004)
    __rt_lib_shutdown_user_alloc_1           0x000002eb   Thumb Code     0  libshutdown2.o(.ARM.Collect$$libshutdown$$0000000C)
    __rt_entry                               0x000002ed   Thumb Code     0  __rtentry.o(.ARM.Collect$$rtentry$$00000000)
    __rt_entry_presh_1                       0x000002ed   Thumb Code     0  __rtentry2.o(.ARM.Collect$$rtentry$$00000002)
    __rt_entry_sh                            0x000002ed   Thumb Code     0  __rtentry4.o(.ARM.Collect$$rtentry$$00000004)
    __rt_entry_li                            0x000002f3   Thumb Code     0  __rtentry2.o(.ARM.Collect$$rtentry$$0000000A)
    __rt_entry_postsh_1                      0x000002f3   Thumb Code     0  __rtentry2.o(.ARM.Collect$$rtentry$$00000009)
    __rt_entry_main                          0x000002f7   Thumb Code     0  __rtentry2.o(.ARM.Collect$$rtentry$$0000000D)
    __rt_entry_postli_1                      0x000002f7   Thumb Code     0  __rtentry2.o(.ARM.Collect$$rtentry$$0000000C)
    __rt_exit                                0x000002ff   Thumb Code     0  rtexit.o(.ARM.Collect$$rtexit$$00000000)
    __rt_exit_ls                             0x00000301   Thumb Code     0  rtexit2.o(.ARM.Collect$$rtexit$$00000003)
    __rt_exit_prels_1                        0x00000301   Thumb Code     0  rtexit2.o(.ARM.Collect$$rtexit$$00000002)
    __rt_exit_exit                           0x00000305   Thumb Code     0  rtexit2.o(.ARM.Collect$$rtexit$$00000004)
    Reset_Handler                            0x0000030d   Thumb Code     8  startup_tm4c123.o(.text)
    NMI_Handler                              0x00000315   Thumb Code     2  startup_tm4c123.o(.text)
    HardFault_Handler                        0x00000317   Thumb Code     2  startup_tm4c123.o(.text)
    MemManage_Handler                        0x00000319   Thumb Code     2  startup_tm4c123.o(.text)
    BusFault_Handler                         0x0000031b   Thumb Code     2  startup_tm4c123.o(.text)
    UsageFault_Handler                       0x0000031d   Thumb Code     2  startup_tm4c123.o(.text)
    SVC_Handler                              0x0000031f   Thumb Code     2  startup_tm4c123.o(.text)
    DebugMon_Handler                         0x00000321   Thumb Code     2  startup_tm4c123.o(.text)
    GPIOA_Handler                            0x00000327   Thumb Code     2  startup_tm4c123.o(.text)
    GPIOB_Handler                            0x00000329   Thumb Code     2  startup_tm4c123.o(.text)
    GPIOC_Handler                            0x0000032b   Thumb Code     2  startup_tm4c123.o(.text)
    GPIOD_Handler                            0x0000032d   Thumb Code     2  startup_tm4c123.o(.text)
    GPIOE_Handler                            0x0000032f   Thumb Code     2  startup_tm4c123.o(.text)
    UART0_Handler                            0x00000331   Thumb Code     2  startup_tm4c123.o(.text)
    UART1_Handler                            0x00000333   Thumb Code     2  startup_tm4c123.o(.text)
    SSI0_Handler                             0x00000335   Thumb Code     2  startup_tm4c123.o(.text)
    I2C0_Handler                             0x00000337   Thumb Code     2  startup_tm4c123.o(.text)
    PMW0_FAULT_Handler                       0x00000339   Thumb Code     2  startup_tm4c123.o(.text)
    PWM0_0_Handler                           0x0000033b   Thumb Code     2  startup_tm4c123.o(.text)
    PWM0_1_Handler                           0x0000033d   Thumb Code     2  startup_tm4c123.o(.text)
    PWM0_2_Handler                           0x0000033f   Thumb Code     2  startup_tm4c123.o(.text)
    QEI0_Handler                             0x00000341   Thumb Code     2  startup_tm4c123.o(.text)
    ADC0SS0_Handler                          0x00000343   Thumb Code     2  startup_tm4c123.o(.text)
    ADC0SS1_Handler                          0x00000345   Thumb Code     2  startup_tm4c123.o(.text)
    ADC0SS2_Handler                          0x00000347   Thumb Code     2  startup_tm4c123.o(.text)
    ADC0SS3_Handler                          0x00000349   Thumb Code     2  startup_tm4c123.o(.text)
    WDT0_Handler                             0x0000034b   Thumb Code     2  startup_tm4c123.o(.text)
    TIMER0A_Handler                          0x0000034d   Thumb Code     2  startup_tm4c123.o(.text)
    TIMER0B_Handler                          0x0000034f   Thumb Code     2  startup_tm4c123.o(.text)
    TIMER1A_Handler                          0x00000351   Thumb Code     2  startup_tm4c123.o(.text)
    TIMER1B_Handler                          0x00000353   Thumb Code     2  startup_tm4c123.o(.text)
    TIMER2A_Handler                          0x00000355   Thumb Code     2  startup_tm4c123.o(.text)
    TIMER2B_Handler                          0x00000357   Thumb Code     2  startup_tm4c123.o(.text)
    COMP0_Handler                            0x00000359   Thumb Code     2  startup_tm4c123.o(.text)
    COMP1_Handler                            0x0000035b   Thumb Code     2  startup_tm4c123.o(.text)
    COMP2_Handler                            0x0000035d   Thumb Code     2  startup_tm4c123.o(.text)
    SYSCTL_Handler                           0x0000035f   Thumb Code     2  startup_tm4c123.o(.text)
    FLASH_Handler                            0x00000361   Thumb Code     2  startup_tm4c123.o(.text)
    GPIOF_Handler                            0x00000363   Thumb Code     2  startup_tm4c123.o(.text)
    GPIOG_Handler                            0x00000365   Thumb Code     2  startup_tm4c123.o(.text)
    GPIOH_Handler                            0x00000367   Thumb Code     2  startup_tm4c123.o(.text)
    UART2_Handler                            0x00000369   Thumb Code     2  startup_tm4c123.o(.text)
    SSI1_Handler                             0x0000036b   Thumb Code     2  startup_tm4c123.o(.text)
    TIMER3A_Handler                          0x0000036d   Thumb Code     2  startup_tm4c123.o(.text)
    TIMER3B_Handler                          0x0000036f   Thumb Code     2  startup_tm4c123.o(.text)
    I2C1_Handler                             0x00000371   Thumb Code     2  startup_tm4c123.o(.text)
    QEI1_Handler                             0x00000373   Thumb Code     2  startup_tm4c123.o(.text)
    CAN0_Handler                             0x00000375   Thumb Code     2  startup_tm4c123.o(.text)
    CAN1_Handler                             0x00000377   Thumb Code     2  startup_tm4c123.o(.text)
    CAN2_Handler                             0x00000379   Thumb Code     2  startup_tm4c123.o(.text)
    HIB_Handler                              0x0000037b   Thumb Code     2  startup_tm4c123.o(.text)
    USB0_Handler                             0x0000037d   Thumb Code     2  startup_tm4c123.o(.text)
    PWM0_3_Handler                           0x0000037f   Thumb Code     2  startup_tm4c123.o(.text)
    UDMA_Handler                             0x00000381   Thumb Code     2  startup_tm4c123.o(.text)
    UDMAERR_Handler                          0x00000383   Thumb Code     2  startup_tm4c123.o(.text)
    ADC1SS0_Handler                          0x00000385   Thumb Code     2  startup_tm4c123.o(.text)
    ADC1SS1_Handler                          0x00000387   Thumb Code     2  startup_tm4c123.o(.text)
    ADC1SS2_Handler                          0x00000389   Thumb Code     2  startup_tm4c123.o(.text)
    ADC1SS3_Handler                          0x0000038b   Thumb Code     2  startup_tm4c123.o(.text)
    GPIOJ_Handler                            0x0000038d   Thumb Code     2  startup_tm4c123.o(.text)
    GPIOK_Handler                            0x0000038f   Thumb Code     2  startup_tm4c123.o(.text)
    GPIOL_Handler                            0x00000391   Thumb Code     2  startup_tm4c123.o(.text)
    SSI2_Handler                             0x00000393   Thumb Code     2  startup_tm4c123.o(.text)
    SSI3_Handler                             0x00000395   Thumb Code     2  startup_tm4c123.o(.text)
    UART3_Handler                            0x00000397   Thumb Code     2  startup_tm4c123.o(.text)
    UART4_Handler                            0x00000399   Thumb Code     2  startup_tm4c123.o(.text)
    UART5_Handler                            0x0000039b   Thumb Code     2  startup_tm4c123.o(.text)
    UART6_Handler                            0x0000039d   Thumb Code     2  startup_tm4c123.o(.text)
    UART7_Handler                            0x0000039f   Thumb Code     2  startup_tm4c123.o(.text)
    I2C2_Handler                             0x000003a1   Thumb Code     2  startup_tm4c123.o(.text)
    I2C3_Handler                             0x000003a3   Thumb Code     2  startup_tm4c123.o(.text)
    TIMER4A_Handler                          0x000003a5   Thumb Code     2  startup_tm4c123.o(.text)
    TIMER4B_Handler                          0x000003a7   Thumb Code     2  startup_tm4c123.o(.text)
    TIMER5A_Handler                          0x000003a9   Thumb Code     2  startup_tm4c123.o(.text)
    TIMER5B_Handler                          0x000003ab   Thumb Code     2  startup_tm4c123.o(.text)
    WTIMER0A_Handler                         0x000003ad   Thumb Code     2  startup_tm4c123.o(.text)
    WTIMER0B_Handler                         0x000003af   Thumb Code     2  startup_tm4c123.o(.text)
    WTIMER1A_Handler                         0x000003b1   Thumb Code     2  startup_tm4c123.o(.text)
    WTIMER1B_Handler                         0x000003b3   Thumb Code     2  startup_tm4c123.o(.text)
    WTIMER2A_Handler                         0x000003b5   Thumb Code     2  startup_tm4c123.o(.text)
    WTIMER2B_Handler                         0x000003b7   Thumb Code     2  startup_tm4c123.o(.text)
    WTIMER3A_Handler                         0x000003b9   Thumb Code     2  startup_tm4c123.o(.text)
    WTIMER3B_Handler                         0x000003bb   Thumb Code     2  startup_tm4c123.o(.text)
    WTIMER4A_Handler                         0x000003bd   Thumb Code     2  startup_tm4c123.o(.text)
    WTIMER4B_Handler                         0x000003bf   Thumb Code     2  startup_tm4c123.o(.text)
    WTIMER5A_Handler                         0x000003c1   Thumb Code     2  startup_tm4c123.o(.text)
    WTIMER5B_Handler                         0x000003c3   Thumb Code     2  startup_tm4c123.o(.text)
    FPU_Handler                              0x000003c5   Thumb Code     2  startup_tm4c123.o(.text)
    I2C4_Handler                             0x000003c7   Thumb Code     2  startup_tm4c123.o(.text)
    I2C5_Handler                             0x000003c9   Thumb Code     2  startup_tm4c123.o(.text)
    GPIOM_Handler                            0x000003cb   Thumb Code     2  startup_tm4c123.o(.text)
    GPION_Handler                            0x000003cd   Thumb Code     2  startup_tm4c123.o(.text)
    QEI2_Handler                             0x000003cf   Thumb Code     2  startup_tm4c123.o(.text)
    GPIOP0_Handler                           0x000003d1   Thumb Code     2  startup_tm4c123.o(.text)
    GPIOP1_Handler                           0x000003d3   Thumb Code     2  startup_tm4c123.o(.text)
    GPIOP2_Handler                           0x000003d5   Thumb Code     2  startup_tm4c123.o(.text)
    GPIOP3_Handler                           0x000003d7   Thumb Code     2  startup_tm4c123.o(.text)
    GPIOP4_Handler                           0x000003d9   Thumb Code     2  startup_tm4c123.o(.text)
    GPIOP5_Handler                           0x000003db   Thumb Code     2  startup_tm4c123.o(.text)
    GPIOP6_Handler                           0x000003dd   Thumb Code     2  startup_tm4c123.o(.text)
    GPIOP7_Handler                           0x000003df   Thumb Code     2  startup_tm4c123.o(.text)
    GPIOQ0_Handler                           0x000003e1   Thumb Code     2  startup_tm4c123.o(.text)
    GPIOQ1_Handler                           0x000003e3   Thumb Code     2  startup_tm4c123.o(.text)
    GPIOQ2_Handler                           0x000003e5   Thumb Code     2  startup_tm4c123.o(.text)
    GPIOQ3_Handler                           0x000003e7   Thumb Code     2  startup_tm4c123.o(.text)
    GPIOQ4_Handler                           0x000003e9   Thumb Code     2  startup_tm4c123.o(.text)
    GPIOQ5_Handler                           0x000003eb   Thumb Code     2  startup_tm4c123.o(.text)
    GPIOQ6_Handler                           0x000003ed   Thumb Code     2  startup_tm4c123.o(.text)
    GPIOQ7_Handler                           0x000003ef   Thumb Code     2  startup_tm4c123.o(.text)
    GPIOR_Handler                            0x000003f1   Thumb Code     2  startup_tm4c123.o(.text)
    GPIOS_Handler                            0x000003f3   Thumb Code     2  startup_tm4c123.o(.text)
    PMW1_0_Handler                           0x000003f5   Thumb Code     2  startup_tm4c123.o(.text)
    PWM1_1_Handler                           0x000003f7   Thumb Code     2  startup_tm4c123.o(.text)
    PWM1_2_Handler                           0x000003f9   Thumb Code     2  startup_tm4c123.o(.text)
    PWM1_3_Handler                           0x000003fb   Thumb Code     2  startup_tm4c123.o(.text)
    PWM1_FAULT_Handler                       0x000003fd   Thumb Code     2  startup_tm4c123.o(.text)
    __user_initial_stackheap                 0x00000401   Thumb Code     0  startup_tm4c123.o(.text)
    __use_two_region_memory                  0x00000421   Thumb Code     2  heapauxi.o(.text)
    __rt_heap_escrow$2region                 0x00000423   Thumb Code     2  heapauxi.o(.text)
    __rt_heap_expand$2region                 0x00000425   Thumb Code     2  heapauxi.o(.text)
    __user_setup_stackheap                   0x00000427   Thumb Code    74  sys_stackheap_outer.o(.text)
    exit                                     0x00000471   Thumb Code    18  exit.o(.text)
    __user_libspace                          0x00000485   Thumb Code     8  libspace.o(.text)
    __user_perproc_libspace                  0x00000485   Thumb Code     0  libspace.o(.text)
    __user_perthread_libspace                0x00000485   Thumb Code     0  libspace.o(.text)
    _sys_exit                                0x0000048d   Thumb Code     8  sys_exit.o(.text)
    __I$use$semihosting                      0x00000499   Thumb Code     0  use_no_semi.o(.text)
    __use_no_semihosting_swi                 0x00000499   Thumb Code     2  use_no_semi.o(.text)
    __semihosting_library_function           0x0000049b   Thumb Code     0  indicate_semi.o(.text)
    Free                                     0x0000049d   Thumb Code    82  staticmalloc.o(.text.Free)
    Malloc                                   0x000004f1   Thumb Code   188  staticmalloc.o(.text.Malloc)
    OS_SetupTimerInterrupt                   0x000005ad   Thumb Code    60  main.o(.text.OS_SetupTimerInterrupt)
    OS_SignalNaive                           0x000005e9   Thumb Code    20  semaphore.o(.text.OS_SignalNaive)
    OS_WaitNaive                             0x000005fd   Thumb Code    38  semaphore.o(.text.OS_WaitNaive)
    OS_spawnThread                           0x00000625   Thumb Code   398  main.o(.text.OS_spawnThread)
    OS_startScheduler                        0x000007b5   Thumb Code    14  main.o(.text.OS_startScheduler)
    OS_switchToNextTask                      0x000007c5   Thumb Code   130  main.o(.text.OS_switchToNextTask)
    PLLInit                                  0x00000849   Thumb Code   122  main.o(.text.PLLInit)
    PendSV_Handler                           0x000008c5   Thumb Code   178  main.o(.text.PendSV_Handler)
    SEMAPHORES_Thread1                       0x0000098d   Thumb Code   134  main.o(.text.SEMAPHORES_Thread1)
    SEMAPHORES_Thread2                       0x00000a15   Thumb Code   132  main.o(.text.SEMAPHORES_Thread2)
    SEMAPHORES_Thread3                       0x00000a99   Thumb Code   132  main.o(.text.SEMAPHORES_Thread3)
    SEMAPHORES_Thread4                       0x00000b1d   Thumb Code   132  main.o(.text.SEMAPHORES_Thread4)
    SerialWrite                              0x00000ba1   Thumb Code    70  serial.o(.text.SerialWrite)
    SetupSerial                              0x00000be9   Thumb Code   158  serial.o(.text.SetupSerial)
    SysTick_Handler                          0x00000c89   Thumb Code    16  main.o(.text.SysTick_Handler)
    SystemInit                               0x00000c99   Thumb Code   268  system_tm4c123.o(.text.SystemInit)
    acquire_mutex                            0x00000db9   Thumb Code   178  mutex.o(.text.acquire_mutex)
    add_as_next                              0x00000e6d   Thumb Code   104  lists.o(.text.add_as_next)
    add_by_priority                          0x00000ed5   Thumb Code   164  mutex.o(.text.add_by_priority)
    add_to_front                             0x00000f79   Thumb Code    64  lists.o(.text.add_to_front)
    create_circular_list                     0x00000fb9   Thumb Code    52  lists.o(.text.create_circular_list)
    create_list                              0x00000fed   Thumb Code    50  lists.o(.text.create_list)
    create_mutex                             0x00001021   Thumb Code    50  mutex.o(.text.create_mutex)
    delete_node                              0x00001055   Thumb Code   108  lists.o(.text.delete_node)
    getSize                                  0x000010c1   Thumb Code    18  staticmalloc.o(.text.getSize)
    initMalloc                               0x000010d5   Thumb Code    96  staticmalloc.o(.text.initMalloc)
    initReadyLists                           0x00001135   Thumb Code    46  main.o(.text.initReadyLists)
    main                                     0x00001165   Thumb Code   176  main.o(.text.main)
    portBSetup                               0x00001215   Thumb Code   102  main.o(.text.portBSetup)
    priority                                 0x0000127d   Thumb Code    12  mutex.o(.text.priority)
    queue_item                               0x00001289   Thumb Code    18  mutex.o(.text.queue_item)
    release_mutex                            0x0000129d   Thumb Code    18  mutex.o(.text.release_mutex)
    removeFromFreeList                       0x000012b1   Thumb Code    82  staticmalloc.o(.text.removeFromFreeList)
    _fp_init                                 0x00001303   Thumb Code    26  fpinit.o(x$fpl$fpinit)
    __fplib_config_fpu_vfp                   0x0000131b   Thumb Code     0  fpinit.o(x$fpl$fpinit)
    __fplib_config_pureend_doubles           0x0000131b   Thumb Code     0  fpinit.o(x$fpl$fpinit)
    Region$$Table$$Base                      0x00001380   Number         0  anon$$obj.o(Region$$Table)
    Region$$Table$$Limit                     0x000013a0   Number         0  anon$$obj.o(Region$$Table)
    queue_mutex                              0x20000000   Data           4  mutex.o(.data.queue_mutex)
    __libspace_start                         0x20000008   Data          96  libspace.o(.bss)
    __temporary_stack_top$libspace           0x20000068   Data           0  libspace.o(.bss)
    currentSP                                0x20000068   Data           4  main.o(.bss.currentSP)
    freeList                                 0x2000006c   Data           4  staticmalloc.o(.bss.freeList)
    globalMutex                              0x20000070   Data           4  main.o(.bss.globalMutex)
    heapSize                                 0x20000074   Data           4  staticmalloc.o(.bss.heapSize)
    mallocArrayStart                         0x20000078   Data           4  staticmalloc.o(.bss.mallocArrayStart)
    memPointer                               0x2000007c   Data           4  staticmalloc.o(.bss.memPointer)
    nextSP                                   0x20000080   Data           4  main.o(.bss.nextSP)
    pxCurrentTCB                             0x20000084   Data           4  main.o(.bss.pxCurrentTCB)
    pxNextTCB                                0x20000088   Data           4  main.o(.bss.pxNextTCB)
    readyLists                               0x2000008c   Data          16  main.o(.bss.readyLists)
    schedulerStarted                         0x2000009c   Data           1  main.o(.bss.schedulerStarted)
    sparemem                                 0x2000009d   Data        1024  main.o(.bss.sparemem)



==============================================================================

Memory Map of the image

  Image Entry point : 0x0000030d

  Load Region LR_1 (Base: 0x00000000, Size: 0x000013a4, Max: 0xffffffff, ABSOLUTE)

    Execution Region ER_RO (Exec base: 0x00000000, Load base: 0x00000000, Size: 0x000013a0, Max: 0xffffffff, ABSOLUTE)

    Exec Addr    Load Addr    Size         Type   Attr      Idx    E Section Name        Object

    0x00000000   0x00000000   0x0000026c   Data   RO          167    RESET               startup_tm4c123.o
    0x0000026c   0x0000026c   0x00000008   Code   RO          192  * !!!main             c_w.l(__main.o)
    0x00000274   0x00000274   0x00000034   Code   RO          355    !!!scatter          c_w.l(__scatter.o)
    0x000002a8   0x000002a8   0x0000001a   Code   RO          357    !!handler_copy      c_w.l(__scatter_copy.o)
    0x000002c2   0x000002c2   0x00000002   PAD
    0x000002c4   0x000002c4   0x0000001c   Code   RO          359    !!handler_zi        c_w.l(__scatter_zi.o)
    0x000002e0   0x000002e0   0x00000002   Code   RO          219    .ARM.Collect$$libinit$$00000000  c_w.l(libinit.o)
    0x000002e2   0x000002e2   0x00000004   Code   RO          225    .ARM.Collect$$libinit$$00000001  c_w.l(libinit2.o)
    0x000002e6   0x000002e6   0x00000000   Code   RO          228    .ARM.Collect$$libinit$$00000004  c_w.l(libinit2.o)
    0x000002e6   0x000002e6   0x00000000   Code   RO          231    .ARM.Collect$$libinit$$0000000A  c_w.l(libinit2.o)
    0x000002e6   0x000002e6   0x00000000   Code   RO          233    .ARM.Collect$$libinit$$0000000C  c_w.l(libinit2.o)
    0x000002e6   0x000002e6   0x00000000   Code   RO          235    .ARM.Collect$$libinit$$0000000E  c_w.l(libinit2.o)
    0x000002e6   0x000002e6   0x00000000   Code   RO          238    .ARM.Collect$$libinit$$00000011  c_w.l(libinit2.o)
    0x000002e6   0x000002e6   0x00000000   Code   RO          240    .ARM.Collect$$libinit$$00000013  c_w.l(libinit2.o)
    0x000002e6   0x000002e6   0x00000000   Code   RO          242    .ARM.Collect$$libinit$$00000015  c_w.l(libinit2.o)
    0x000002e6   0x000002e6   0x00000000   Code   RO          244    .ARM.Collect$$libinit$$00000017  c_w.l(libinit2.o)
    0x000002e6   0x000002e6   0x00000000   Code   RO          246    .ARM.Collect$$libinit$$00000019  c_w.l(libinit2.o)
    0x000002e6   0x000002e6   0x00000000   Code   RO          248    .ARM.Collect$$libinit$$0000001B  c_w.l(libinit2.o)
    0x000002e6   0x000002e6   0x00000000   Code   RO          250    .ARM.Collect$$libinit$$0000001D  c_w.l(libinit2.o)
    0x000002e6   0x000002e6   0x00000000   Code   RO          252    .ARM.Collect$$libinit$$0000001F  c_w.l(libinit2.o)
    0x000002e6   0x000002e6   0x00000000   Code   RO          254    .ARM.Collect$$libinit$$00000021  c_w.l(libinit2.o)
    0x000002e6   0x000002e6   0x00000000   Code   RO          256    .ARM.Collect$$libinit$$00000023  c_w.l(libinit2.o)
    0x000002e6   0x000002e6   0x00000000   Code   RO          258    .ARM.Collect$$libinit$$00000025  c_w.l(libinit2.o)
    0x000002e6   0x000002e6   0x00000000   Code   RO          262    .ARM.Collect$$libinit$$0000002C  c_w.l(libinit2.o)
    0x000002e6   0x000002e6   0x00000000   Code   RO          264    .ARM.Collect$$libinit$$0000002E  c_w.l(libinit2.o)
    0x000002e6   0x000002e6   0x00000000   Code   RO          266    .ARM.Collect$$libinit$$00000030  c_w.l(libinit2.o)
    0x000002e6   0x000002e6   0x00000000   Code   RO          268    .ARM.Collect$$libinit$$00000032  c_w.l(libinit2.o)
    0x000002e6   0x000002e6   0x00000002   Code   RO          269    .ARM.Collect$$libinit$$00000033  c_w.l(libinit2.o)
    0x000002e8   0x000002e8   0x00000002   Code   RO          291    .ARM.Collect$$libshutdown$$00000000  c_w.l(libshutdown.o)
    0x000002ea   0x000002ea   0x00000000   Code   RO          306    .ARM.Collect$$libshutdown$$00000002  c_w.l(libshutdown2.o)
    0x000002ea   0x000002ea   0x00000000   Code   RO          308    .ARM.Collect$$libshutdown$$00000004  c_w.l(libshutdown2.o)
    0x000002ea   0x000002ea   0x00000000   Code   RO          311    .ARM.Collect$$libshutdown$$00000007  c_w.l(libshutdown2.o)
    0x000002ea   0x000002ea   0x00000000   Code   RO          314    .ARM.Collect$$libshutdown$$0000000A  c_w.l(libshutdown2.o)
    0x000002ea   0x000002ea   0x00000000   Code   RO          316    .ARM.Collect$$libshutdown$$0000000C  c_w.l(libshutdown2.o)
    0x000002ea   0x000002ea   0x00000000   Code   RO          319    .ARM.Collect$$libshutdown$$0000000F  c_w.l(libshutdown2.o)
    0x000002ea   0x000002ea   0x00000002   Code   RO          320    .ARM.Collect$$libshutdown$$00000010  c_w.l(libshutdown2.o)
    0x000002ec   0x000002ec   0x00000000   Code   RO          194    .ARM.Collect$$rtentry$$00000000  c_w.l(__rtentry.o)
    0x000002ec   0x000002ec   0x00000000   Code   RO          196    .ARM.Collect$$rtentry$$00000002  c_w.l(__rtentry2.o)
    0x000002ec   0x000002ec   0x00000006   Code   RO          208    .ARM.Collect$$rtentry$$00000004  c_w.l(__rtentry4.o)
    0x000002f2   0x000002f2   0x00000000   Code   RO          198    .ARM.Collect$$rtentry$$00000009  c_w.l(__rtentry2.o)
    0x000002f2   0x000002f2   0x00000004   Code   RO          199    .ARM.Collect$$rtentry$$0000000A  c_w.l(__rtentry2.o)
    0x000002f6   0x000002f6   0x00000000   Code   RO          201    .ARM.Collect$$rtentry$$0000000C  c_w.l(__rtentry2.o)
    0x000002f6   0x000002f6   0x00000008   Code   RO          202    .ARM.Collect$$rtentry$$0000000D  c_w.l(__rtentry2.o)
    0x000002fe   0x000002fe   0x00000002   Code   RO          223    .ARM.Collect$$rtexit$$00000000  c_w.l(rtexit.o)
    0x00000300   0x00000300   0x00000000   Code   RO          271    .ARM.Collect$$rtexit$$00000002  c_w.l(rtexit2.o)
    0x00000300   0x00000300   0x00000004   Code   RO          272    .ARM.Collect$$rtexit$$00000003  c_w.l(rtexit2.o)
    0x00000304   0x00000304   0x00000006   Code   RO          273    .ARM.Collect$$rtexit$$00000004  c_w.l(rtexit2.o)
    0x0000030a   0x0000030a   0x00000002   PAD
    0x0000030c   0x0000030c   0x00000114   Code   RO          168  * .text               startup_tm4c123.o
    0x00000420   0x00000420   0x00000006   Code   RO          190    .text               c_w.l(heapauxi.o)
    0x00000426   0x00000426   0x0000004a   Code   RO          210    .text               c_w.l(sys_stackheap_outer.o)
    0x00000470   0x00000470   0x00000012   Code   RO          212    .text               c_w.l(exit.o)
    0x00000482   0x00000482   0x00000002   PAD
    0x00000484   0x00000484   0x00000008   Code   RO          220    .text               c_w.l(libspace.o)
    0x0000048c   0x0000048c   0x0000000c   Code   RO          281    .text               c_w.l(sys_exit.o)
    0x00000498   0x00000498   0x00000002   Code   RO          296    .text               c_w.l(use_no_semi.o)
    0x0000049a   0x0000049a   0x00000000   Code   RO          298    .text               c_w.l(indicate_semi.o)
    0x0000049a   0x0000049a   0x00000002   PAD
    0x0000049c   0x0000049c   0x00000052   Code   RO           98    .text.Free          staticmalloc.o
    0x000004ee   0x000004ee   0x00000002   PAD
    0x000004f0   0x000004f0   0x000000bc   Code   RO           92    .text.Malloc        staticmalloc.o
    0x000005ac   0x000005ac   0x0000003c   Code   RO           43    .text.OS_SetupTimerInterrupt  main.o
    0x000005e8   0x000005e8   0x00000014   Code   RO          133    .text.OS_SignalNaive  semaphore.o
    0x000005fc   0x000005fc   0x00000026   Code   RO          131    .text.OS_WaitNaive  semaphore.o
    0x00000622   0x00000622   0x00000002   PAD
    0x00000624   0x00000624   0x0000018e   Code   RO           55    .text.OS_spawnThread  main.o
    0x000007b2   0x000007b2   0x00000002   PAD
    0x000007b4   0x000007b4   0x0000000e   Code   RO           57    .text.OS_startScheduler  main.o
    0x000007c2   0x000007c2   0x00000002   PAD
    0x000007c4   0x000007c4   0x00000082   Code   RO           65    .text.OS_switchToNextTask  main.o
    0x00000846   0x00000846   0x00000002   PAD
    0x00000848   0x00000848   0x0000007a   Code   RO           39    .text.PLLInit       main.o
    0x000008c2   0x000008c2   0x00000002   PAD
    0x000008c4   0x000008c4   0x000000c8   Code   RO           67    .text.PendSV_Handler  main.o
    0x0000098c   0x0000098c   0x00000086   Code   RO           45    .text.SEMAPHORES_Thread1  main.o
    0x00000a12   0x00000a12   0x00000002   PAD
    0x00000a14   0x00000a14   0x00000084   Code   RO           47    .text.SEMAPHORES_Thread2  main.o
    0x00000a98   0x00000a98   0x00000084   Code   RO           49    .text.SEMAPHORES_Thread3  main.o
    0x00000b1c   0x00000b1c   0x00000084   Code   RO           51    .text.SEMAPHORES_Thread4  main.o
    0x00000ba0   0x00000ba0   0x00000046   Code   RO            4    .text.SerialWrite   serial.o
    0x00000be6   0x00000be6   0x00000002   PAD
    0x00000be8   0x00000be8   0x0000009e   Code   RO            2    .text.SetupSerial   serial.o
    0x00000c86   0x00000c86   0x00000002   PAD
    0x00000c88   0x00000c88   0x00000010   Code   RO           63    .text.SysTick_Handler  main.o
    0x00000c98   0x00000c98   0x0000010c   Code   RO          179    .text.SystemInit    system_tm4c123.o
    0x00000da4   0x00000da4   0x00000014   Code   RO           61    .text.__set_BASEPRI  main.o
    0x00000db8   0x00000db8   0x000000b2   Code   RO          146    .text.acquire_mutex  mutex.o
    0x00000e6a   0x00000e6a   0x00000002   PAD
    0x00000e6c   0x00000e6c   0x00000068   Code   RO          116    .text.add_as_next   lists.o
    0x00000ed4   0x00000ed4   0x000000a4   Code   RO          150    .text.add_by_priority  mutex.o
    0x00000f78   0x00000f78   0x00000040   Code   RO          118    .text.add_to_front  lists.o
    0x00000fb8   0x00000fb8   0x00000034   Code   RO          114    .text.create_circular_list  lists.o
    0x00000fec   0x00000fec   0x00000032   Code   RO          112    .text.create_list   lists.o
    0x0000101e   0x0000101e   0x00000002   PAD
    0x00001020   0x00001020   0x00000032   Code   RO          142    .text.create_mutex  mutex.o
    0x00001052   0x00001052   0x00000002   PAD
    0x00001054   0x00001054   0x0000006c   Code   RO          122    .text.delete_node   lists.o
    0x000010c0   0x000010c0   0x00000012   Code   RO           94    .text.getSize       staticmalloc.o
    0x000010d2   0x000010d2   0x00000002   PAD
    0x000010d4   0x000010d4   0x00000060   Code   RO           90    .text.initMalloc    staticmalloc.o
    0x00001134   0x00001134   0x0000002e   Code   RO           53    .text.initReadyLists  main.o
    0x00001162   0x00001162   0x00000002   PAD
    0x00001164   0x00001164   0x000000b0   Code   RO           59    .text.main          main.o
    0x00001214   0x00001214   0x00000066   Code   RO           41    .text.portBSetup    main.o
    0x0000127a   0x0000127a   0x00000002   PAD
    0x0000127c   0x0000127c   0x0000000c   Code   RO          154    .text.priority      mutex.o
    0x00001288   0x00001288   0x00000012   Code   RO          148    .text.queue_item    mutex.o
    0x0000129a   0x0000129a   0x00000002   PAD
    0x0000129c   0x0000129c   0x00000012   Code   RO          152    .text.release_mutex  mutex.o
    0x000012ae   0x000012ae   0x00000002   PAD
    0x000012b0   0x000012b0   0x00000052   Code   RO           96    .text.removeFromFreeList  staticmalloc.o
    0x00001302   0x00001302   0x0000001a   Code   RO          279    x$fpl$fpinit        fz_wm.l(fpinit.o)
    0x0000131c   0x0000131c   0x00000061   Data   RO           77    .rodata.str1.1      main.o
    0x0000137d   0x0000137d   0x00000003   PAD
    0x00001380   0x00001380   0x00000020   Data   RO          354    Region$$Table       anon$$obj.o


    Execution Region ER_RW (Exec base: 0x20000000, Load base: 0x000013a0, Size: 0x00000004, Max: 0xffffffff, ABSOLUTE)

    Exec Addr    Load Addr    Size         Type   Attr      Idx    E Section Name        Object

    0x20000000   0x000013a0   0x00000004   Data   RW          158    .data.queue_mutex   mutex.o


    Execution Region ER_ZI (Exec base: 0x20000008, Load base: 0x000013a4, Size: 0x00000698, Max: 0xffffffff, ABSOLUTE)

    Exec Addr    Load Addr    Size         Type   Attr      Idx    E Section Name        Object

    0x20000008        -       0x00000060   Zero   RW          221    .bss                c_w.l(libspace.o)
    0x20000068        -       0x00000004   Zero   RW           73    .bss.currentSP      main.o
    0x2000006c        -       0x00000004   Zero   RW          103    .bss.freeList       staticmalloc.o
    0x20000070        -       0x00000004   Zero   RW           79    .bss.globalMutex    main.o
    0x20000074        -       0x00000004   Zero   RW          102    .bss.heapSize       staticmalloc.o
    0x20000078        -       0x00000004   Zero   RW          100    .bss.mallocArrayStart  staticmalloc.o
    0x2000007c        -       0x00000004   Zero   RW          101    .bss.memPointer     staticmalloc.o
    0x20000080        -       0x00000004   Zero   RW           74    .bss.nextSP         main.o
    0x20000084        -       0x00000004   Zero   RW           71    .bss.pxCurrentTCB   main.o
    0x20000088        -       0x00000004   Zero   RW           72    .bss.pxNextTCB      main.o
    0x2000008c        -       0x00000010   Zero   RW           80    .bss.readyLists     main.o
    0x2000009c        -       0x00000001   Zero   RW           75    .bss.schedulerStarted  main.o
    0x2000009d        -       0x00000400   Zero   RW           81    .bss.sparemem       main.o
    0x2000049d   0x000013a4   0x00000003   PAD
    0x200004a0        -       0x00000000   Zero   RW          166    HEAP                startup_tm4c123.o
    0x200004a0        -       0x00000200   Zero   RW          165    STACK               startup_tm4c123.o


==============================================================================

Image component sizes


      Code (inc. data)   RO Data    RW Data    ZI Data      Debug   Object Name

       378          0          0          0          0       1916   lists.o
      1814         20         97          0       1061       4584   main.o
       440          0          0          4          0       2238   mutex.o
        58          0          0          0          0        659   semaphore.o
       228          0          0          0          0       1210   serial.o
       276         24        620          0        512       5500   startup_tm4c123.o
       466          0          0          0         16       1734   staticmalloc.o
       268          0          0          0          0       6418   system_tm4c123.o

    ----------------------------------------------------------------------
      3962         44        752          4       1592      24259   Object Totals
         0          0         32          0          0          0   (incl. Generated)
        34          0          3          0          3          0   (incl. Padding)

    ----------------------------------------------------------------------

      Code (inc. data)   RO Data    RW Data    ZI Data      Debug   Library Member Name

         8          0          0          0          0         68   __main.o
         0          0          0          0          0          0   __rtentry.o
        12          0          0          0          0          0   __rtentry2.o
         6          0          0          0          0          0   __rtentry4.o
        52          8          0          0          0          0   __scatter.o
        26          0          0          0          0          0   __scatter_copy.o
        28          0          0          0          0          0   __scatter_zi.o
        18          0          0          0          0         80   exit.o
         6          0          0          0          0        152   heapauxi.o
         0          0          0          0          0          0   indicate_semi.o
         2          0          0          0          0          0   libinit.o
         6          0          0          0          0          0   libinit2.o
         2          0          0          0          0          0   libshutdown.o
         2          0          0          0          0          0   libshutdown2.o
         8          4          0          0         96         68   libspace.o
         2          0          0          0          0          0   rtexit.o
        10          0          0          0          0          0   rtexit2.o
        12          4          0          0          0         68   sys_exit.o
        74          0          0          0          0         80   sys_stackheap_outer.o
         2          0          0          0          0         68   use_no_semi.o
        26          0          0          0          0        116   fpinit.o

    ----------------------------------------------------------------------
       310         16          0          0         96        700   Library Totals
         8          0          0          0          0          0   (incl. Padding)

    ----------------------------------------------------------------------

      Code (inc. data)   RO Data    RW Data    ZI Data      Debug   Library Name

       276         16          0          0         96        584   c_w.l
        26          0          0          0          0        116   fz_wm.l

    ----------------------------------------------------------------------
       310         16          0          0         96        700   Library Totals

    ----------------------------------------------------------------------

==============================================================================


      Code (inc. data)   RO Data    RW Data    ZI Data      Debug   

      4272         60        752          4       1688      24683   Grand Totals
      4272         60        752          4       1688      24683   ELF Image Totals
      4272         60        752          4          0          0   ROM Totals

==============================================================================

    Total RO  Size (Code + RO Data)                 5024 (   4.91kB)
    Total RW  Size (RW Data + ZI Data)              1692 (   1.65kB)
    Total ROM Size (Code + RO Data + RW Data)       5028 (   4.91kB)

==============================================================================

